=== MATLAB time axis export ===
matlab version: 25.2.0.2998904 (R2025b)

--- StandTestData1.mat ---
  n = 8110, class = datetime, id variable = ThisID1
  range: 2016-03-23 04:44:59  ->  2021-11-26 18:07:20
  per-ID time span and within-ID monotonicity:
    ID=  6  n=  1881  2021-03-05 21:07 -> 2021-11-10 04:04  span=   249.3 d  negative-steps=     0 (0.0000%)
    ID=  8  n=  4533  2021-03-01 18:52 -> 2021-11-26 18:07  span=   270.0 d  negative-steps=     0 (0.0000%)
    ID=  9  n=   599  2016-03-29 19:36 -> 2016-06-23 14:28  span=    85.8 d  negative-steps=     0 (0.0000%)
    ID= 10  n=  1097  2016-03-23 04:44 -> 2016-07-24 02:29  span=   122.9 d  negative-steps=     0 (0.0000%)
  ID block order by first timestamp:
    1) ID=10  first=2016-03-23 04:44
    2) ID=9  first=2016-03-29 19:36
    3) ID=8  first=2021-03-01 18:52
    4) ID=6  first=2021-03-05 21:07
  saved: ./outputs/cache/matlab_meta/time_StandTestData1.mat

--- StandTestData2.mat ---
  n = 21013, class = datetime, id variable = ThisID
  range: 2013-03-13 16:19:15  ->  2019-11-14 11:11:25
  per-ID time span and within-ID monotonicity:
    ID=  1  n=  1830  2016-02-22 08:39 -> 2019-11-14 11:11  span=  1361.1 d  negative-steps=     0 (0.0000%)
    ID=  2  n=   305  2014-04-30 09:53 -> 2015-12-14 09:47  span=   593.0 d  negative-steps=     0 (0.0000%)
    ID=  3  n=   565  2013-03-13 16:19 -> 2013-07-18 08:32  span=   126.7 d  negative-steps=     0 (0.0000%)
    ID=  4  n= 15487  2015-07-03 14:57 -> 2016-07-21 18:26  span=   384.1 d  negative-steps=     0 (0.0000%)
    ID=  5  n=  2826  2013-06-27 08:51 -> 2018-10-26 19:47  span=  1947.5 d  negative-steps=     0 (0.0000%)
  ID block order by first timestamp:
    1) ID=3  first=2013-03-13 16:19
    2) ID=5  first=2013-06-27 08:51
    3) ID=2  first=2014-04-30 09:53
    4) ID=4  first=2015-07-03 14:57
    5) ID=1  first=2016-02-22 08:39
  saved: ./outputs/cache/matlab_meta/time_StandTestData2.mat

--- StandTestData3.mat ---
  n = 40093, class = datetime, id variable = ThisID
  range: 2013-12-18 17:16:00  ->  2016-11-27 09:17:42
  per-ID time span and within-ID monotonicity:
    ID= 17  n=  2618  2014-05-26 13:35 -> 2016-03-31 06:25  span=   674.7 d  negative-steps=     0 (0.0000%)
    ID= 18  n= 10996  2013-12-18 17:16 -> 2014-06-19 06:21  span=   182.5 d  negative-steps=     0 (0.0000%)
    ID= 19  n=  4276  2015-06-04 13:11 -> 2016-11-27 09:17  span=   541.8 d  negative-steps=     0 (0.0000%)
    ID= 20  n=  3870  2015-06-04 11:26 -> 2016-11-20 09:13  span=   534.9 d  negative-steps=     0 (0.0000%)
    ID= 21  n= 18333  2015-02-25 07:18 -> 2016-03-08 12:51  span=   377.2 d  negative-steps=     0 (0.0000%)
  ID block order by first timestamp:
    1) ID=18  first=2013-12-18 17:16
    2) ID=17  first=2014-05-26 13:35
    3) ID=21  first=2015-02-25 07:18
    4) ID=20  first=2015-06-04 11:26
    5) ID=19  first=2015-06-04 13:11
  saved: ./outputs/cache/matlab_meta/time_StandTestData3.mat

=== done ===
