==============================================================================
1. 与论文 Table 1 的逐层尺寸核对
==============================================================================
    OK   输入                               期望 (256, 20, 1)  实际 (256, 20, 1)
    OK   enc_conv1 16x[5x2] s[1,2]        期望 (252, 10, 16)  实际 (252, 10, 16)
    OK   enc_pool1 [3x1] s[3,1]           期望 (84, 10, 16)  实际 (84, 10, 16)
    OK   enc_conv2 32x[1x10] s[1,1]       期望 (84, 1, 32)  实际 (84, 1, 32)
    OK   enc_pool2 [3x1] s[3,1]           期望 (28, 1, 32)  实际 (28, 1, 32)
    OK   enc_bottleneck 256x[28x1]        期望 (1, 1, 256)  实际 (1, 1, 256)
    OK   dec_conv1 32x[28x1] s[2,1]       期望 (28, 1, 32)  实际 (28, 1, 32)
    OK   dec_conv2 32x[3x1] s[3,1]        期望 (84, 1, 32)  实际 (84, 1, 32)
    OK   dec_conv3 16x[1x8] s[1,3]        期望 (84, 8, 16)  实际 (84, 8, 16)
    OK   dec_conv4 16x[3x1] s[3,1]        期望 (252, 8, 16)  实际 (252, 8, 16)
    OK   dec_conv5 1x[5x1] s[1,1]         期望 (256, 8, 1)  实际 (256, 8, 1)
  结论：全部吻合

==============================================================================
2. 训练集
==============================================================================
  缓存 StandTrainData.mat：(26508, 256, 20)，ID ['10', '6', '8', '9']
  注：与论文一致，只用 pack 6/8/9/10 的正常期数据；标准化统计量也只在该训练集上拟合。

==============================================================================
3. 单批过拟合自检
==============================================================================
[overfit] 重建 MSE 4.085097 -> 0.11359866（降至 2.7808%）

==============================================================================
4. 全量训练
==============================================================================
[lfaae] 参数量 472,449  设备 cuda
[lfaae] 训练窗口 22532  验证窗口 3976
[lfaae] 标准化统计量已拟合（仅训练集）
  ep   1  train 0.788756  val 0.176623  lr 1.00e-03  *best*
  ep   2  train 0.102876  val 0.097557  lr 1.00e-03  *best*
  ep   3  train 0.069337  val 0.075486  lr 1.00e-03  *best*
  ep   4  train 0.056820  val 0.063218  lr 1.00e-03  *best*
  ep   5  train 0.049223  val 0.056144  lr 1.00e-03  *best*
  ep   6  train 0.043863  val 0.052586  lr 1.00e-03  *best*
  ep   7  train 0.040627  val 0.047703  lr 1.00e-03  *best*
  ep   8  train 0.037263  val 0.044633  lr 1.00e-03  *best*
  ep   9  train 0.035287  val 0.042059  lr 1.00e-03  *best*
  ep  10  train 0.032746  val 0.039581  lr 1.00e-03  *best*
  ep  11  train 0.030366  val 0.037275  lr 1.00e-03  *best*
  ep  12  train 0.029043  val 0.035707  lr 1.00e-03  *best*
  ep  13  train 0.028130  val 0.034583  lr 1.00e-03  *best*
  ep  14  train 0.027015  val 0.033304  lr 1.00e-03  *best*
  ep  15  train 0.026938  val 0.033065  lr 1.00e-03  *best*
  ep  16  train 0.025673  val 0.032626  lr 1.00e-03  *best*
  ep  17  train 0.025271  val 0.031372  lr 1.00e-03  *best*
  ep  18  train 0.024421  val 0.030877  lr 1.00e-03  *best*
  ep  19  train 0.024052  val 0.029496  lr 1.00e-03  *best*
  ep  20  train 0.023360  val 0.029452  lr 1.00e-03  *best*
  ep  21  train 0.022954  val 0.029136  lr 1.00e-03  *best*
  ep  23  train 0.022276  val 0.028701  lr 1.00e-03  *best*
  ep  24  train 0.021445  val 0.027457  lr 1.00e-03  *best*
  ep  25  train 0.021068  val 0.026236  lr 1.00e-03  *best*
  ep  27  train 0.019955  val 0.025192  lr 1.00e-03  *best*
  ep  29  train 0.019323  val 0.024992  lr 1.00e-03  *best*
  ep  30  train 0.018831  val 0.024714  lr 1.00e-03  *best*
  ep  31  train 0.018192  val 0.023189  lr 1.00e-03  *best*
  ep  33  train 0.017812  val 0.021625  lr 1.00e-03  *best*
  ep  34  train 0.016863  val 0.020969  lr 1.00e-03  *best*
  ep  36  train 0.016563  val 0.020178  lr 1.00e-03  *best*
  ep  38  train 0.016203  val 0.019959  lr 1.00e-03  *best*
  ep  39  train 0.015948  val 0.019727  lr 1.00e-03  *best*
  ep  40  train 0.015873  val 0.019166  lr 1.00e-03  *best*
  ep  41  train 0.015210  val 0.019048  lr 1.00e-03  *best*
  ep  42  train 0.015397  val 0.018926  lr 1.00e-03  *best*
  ep  43  train 0.015182  val 0.018919  lr 1.00e-03  *best*
  ep  44  train 0.014915  val 0.018046  lr 1.00e-03  *best*
  ep  49  train 0.014098  val 0.017706  lr 1.00e-03  *best*
  ep  50  train 0.013932  val 0.017631  lr 1.00e-03  *best*
  ep  51  train 0.014274  val 0.017151  lr 1.00e-03  *best*
  ep  55  train 0.013336  val 0.016431  lr 1.00e-03  *best*
  ep  58  train 0.013317  val 0.016388  lr 1.00e-03  *best*
  ep  59  train 0.012860  val 0.015911  lr 1.00e-03  *best*
  ep  60  train 0.013406  val 0.015869  lr 1.00e-03  *best*
  ep  64  train 0.012440  val 0.015512  lr 1.00e-03  *best*
  ep  69  train 0.012217  val 0.015089  lr 1.00e-03  *best*
  ep  70  train 0.011898  val 0.015075  lr 1.00e-03  *best*
  ep  71  train 0.012439  val 0.014836  lr 1.00e-03  *best*
  ep  72  train 0.011645  val 0.014736  lr 1.00e-03  *best*
  ep  73  train 0.011941  val 0.014570  lr 1.00e-03  *best*
  ep  74  train 0.011489  val 0.014360  lr 1.00e-03  *best*
  ep  77  train 0.011663  val 0.014211  lr 1.00e-03  *best*
  ep  79  train 0.011616  val 0.014009  lr 1.00e-03  *best*
  ep  80  train 0.011059  val 0.014122  lr 1.00e-03
  ep  81  train 0.010993  val 0.013911  lr 1.00e-03  *best*
  ep  86  train 0.010695  val 0.013612  lr 1.00e-03  *best*
  ep  88  train 0.010828  val 0.013324  lr 1.00e-03  *best*
  ep  89  train 0.010475  val 0.013263  lr 1.00e-03  *best*
  ep  90  train 0.010649  val 0.013501  lr 1.00e-03
  ep  95  train 0.010355  val 0.013188  lr 1.00e-03  *best*
  ep  98  train 0.009929  val 0.012676  lr 1.00e-03  *best*
  ep 100  train 0.009927  val 0.014303  lr 1.00e-03
  ep 105  train 0.010448  val 0.012426  lr 1.00e-03  *best*
  ep 106  train 0.009646  val 0.012275  lr 1.00e-03  *best*
  ep 109  train 0.009363  val 0.012176  lr 1.00e-03  *best*
  ep 110  train 0.009541  val 0.012227  lr 1.00e-03
  ep 112  train 0.009549  val 0.012132  lr 1.00e-03  *best*
  ep 119  train 0.009265  val 0.012110  lr 1.00e-03  *best*
  ep 120  train 0.009120  val 0.011812  lr 1.00e-03  *best*
  ep 124  train 0.008982  val 0.011738  lr 1.00e-03  *best*
  ep 126  train 0.009267  val 0.011601  lr 1.00e-03  *best*
  ep 129  train 0.008802  val 0.011377  lr 1.00e-03  *best*
  ep 130  train 0.008888  val 0.011489  lr 1.00e-03
  ep 136  train 0.008759  val 0.011272  lr 1.00e-03  *best*
  ep 140  train 0.008528  val 0.011249  lr 1.00e-03  *best*
  ep 142  train 0.008737  val 0.011190  lr 1.00e-03  *best*
  ep 144  train 0.008771  val 0.011128  lr 1.00e-03  *best*
  ep 146  train 0.008553  val 0.011109  lr 1.00e-03  *best*
  ep 147  train 0.008274  val 0.011028  lr 1.00e-03  *best*
  ep 149  train 0.008436  val 0.010902  lr 1.00e-03  *best*
  ep 150  train 0.008158  val 0.011238  lr 1.00e-03
  ep 153  train 0.008163  val 0.010831  lr 1.00e-03  *best*
  ep 157  train 0.008013  val 0.010758  lr 1.00e-03  *best*
  ep 160  train 0.008197  val 0.011892  lr 1.00e-03
  ep 161  train 0.007989  val 0.010653  lr 1.00e-03  *best*
  ep 163  train 0.008146  val 0.010575  lr 1.00e-03  *best*
  ep 165  train 0.008019  val 0.010488  lr 1.00e-03  *best*
  ep 170  train 0.007907  val 0.010633  lr 1.00e-03
  ep 173  train 0.007542  val 0.010270  lr 1.00e-03  *best*
  ep 178  train 0.007521  val 0.010178  lr 1.00e-03  *best*
  ep 180  train 0.007688  val 0.010492  lr 1.00e-03
  ep 181  train 0.007574  val 0.010159  lr 1.00e-03  *best*
  ep 183  train 0.007484  val 0.010124  lr 1.00e-03  *best*
  ep 190  train 0.007533  val 0.010709  lr 1.00e-03
  ep 193  train 0.007327  val 0.009915  lr 1.00e-03  *best*
  ep 195  train 0.007234  val 0.009886  lr 1.00e-03  *best*
  ep 200  train 0.007258  val 0.010016  lr 1.00e-03
  ep 205  train 0.007149  val 0.009838  lr 1.00e-03  *best*
  ep 208  train 0.007226  val 0.009758  lr 1.00e-03  *best*
  ep 210  train 0.007045  val 0.010425  lr 1.00e-03
  ep 217  train 0.006914  val 0.009506  lr 1.00e-03  *best*
  ep 220  train 0.007017  val 0.011196  lr 1.00e-03
  ep 225  train 0.006866  val 0.009505  lr 1.00e-03  *best*
  ep 228  train 0.007250  val 0.009467  lr 1.00e-03  *best*
  ep 230  train 0.006713  val 0.009440  lr 1.00e-03  *best*
  ep 234  train 0.006933  val 0.009419  lr 1.00e-03  *best*
  ep 237  train 0.006741  val 0.009374  lr 1.00e-03  *best*
  ep 240  train 0.006950  val 0.009731  lr 1.00e-03
  ep 242  train 0.006650  val 0.009348  lr 1.00e-03  *best*
  ep 243  train 0.006949  val 0.009312  lr 1.00e-03  *best*
  ep 245  train 0.006732  val 0.009209  lr 1.00e-03  *best*
  ep 250  train 0.006609  val 0.009412  lr 1.00e-03
  ep 252  train 0.006571  val 0.009182  lr 1.00e-03  *best*
  ep 259  train 0.006494  val 0.009088  lr 1.00e-03  *best*
  ep 260  train 0.006410  val 0.009412  lr 1.00e-03
  ep 262  train 0.006483  val 0.009062  lr 1.00e-03  *best*
  ep 264  train 0.006275  val 0.008989  lr 1.00e-03  *best*
  ep 270  train 0.006400  val 0.009240  lr 1.00e-03
  ep 272  train 0.006406  val 0.008954  lr 1.00e-03  *best*
  ep 276  train 0.006317  val 0.008895  lr 1.00e-03  *best*
  ep 280  train 0.006594  val 0.009094  lr 1.00e-03
  ep 284  train 0.006195  val 0.008891  lr 1.00e-03  *best*
  ep 286  train 0.006219  val 0.008873  lr 1.00e-03  *best*
  ep 290  train 0.006396  val 0.008869  lr 1.00e-03  *best*
  ep 294  train 0.006073  val 0.008821  lr 1.00e-03  *best*
  ep 298  train 0.006172  val 0.008727  lr 1.00e-03  *best*
  ep 300  train 0.006198  val 0.009165  lr 1.00e-03
[lfaae] 完成 300 epoch，1259.4s，最优 val MSE=0.008727 @ ep298

==============================================================================
checkpoint: .\outputs\runs\lfaae
==============================================================================
