[data] 潜变量诊断用数据集：(34618, 256, 20)（train + test1）

==============================================================================
配置：no_late_no_kl   {'cell_resolved': True, 'lambda2': 0.0, 'lambda3': 0.0}
==============================================================================
[train] 切分（按 ID 的时间顺序，val 取时间尾部）：
    ID=  6  共   9127  训练   7758  验证  1369
    ID=  8  共  11147  训练   9475  验证  1672
    ID=  9  共   5093  训练   4329  验证   764
    ID= 10  共   1141  训练    970  验证   171
[train] 模型：CellResolvedAE，可训练参数 195,234  设备 cuda
[train] 标准化统计量已拟合（仅用训练集）：输入 (22532, 20, 256)，电压 (22532, 8, 256)，电流通道 idx=1
[train] 物理目标标准化已拟合（仅训练集）：内阻 median=[0.4074999988079071, 0.42590001225471497, 0.4472000002861023, 0.4083000123500824, 0.4390999972820282, 0.44920000433921814, 0.44200000166893005, 0.46129998564720154] scale=[0.11840000003576279, 0.11089999973773956, 0.11789999902248383, 0.09939999878406525, 0.10080000013113022, 0.09179999679327011, 0.11180000007152557, 0.1143999993801117] SOC median=0.9049 scale=0.0817
  ep   1  train 0.32419 (rec 0.32419 late 9.13988 reg 78.90075)  val 0.17760 (rec 0.17760)  lr 1.00e-03  *best*
  ep   2  train 0.14493 (rec 0.14493 late 24.58603 reg 292.99243)  val 0.14693 (rec 0.14693)  lr 1.00e-03  *best*
  ep   3  train 0.12671 (rec 0.12671 late 35.68732 reg 416.24636)  val 0.13338 (rec 0.13338)  lr 1.00e-03  *best*
  ep   4  train 0.11313 (rec 0.11313 late 39.37995 reg 438.18700)  val 0.12979 (rec 0.12979)  lr 1.00e-03  *best*
  ep   5  train 0.10292 (rec 0.10292 late 38.40530 reg 439.68698)  val 0.12159 (rec 0.12159)  lr 1.00e-03  *best*
  ep   6  train 0.09464 (rec 0.09464 late 34.44260 reg 427.61520)  val 0.11039 (rec 0.11039)  lr 1.00e-03  *best*
  ep   7  train 0.08738 (rec 0.08738 late 30.39156 reg 392.25051)  val 0.09714 (rec 0.09714)  lr 1.00e-03  *best*
  ep   8  train 0.07618 (rec 0.07618 late 27.59269 reg 382.34929)  val 0.09219 (rec 0.09219)  lr 1.00e-03  *best*
  ep   9  train 0.06834 (rec 0.06834 late 26.41032 reg 370.53140)  val 0.07898 (rec 0.07898)  lr 1.00e-03  *best*
  ep  10  train 0.06190 (rec 0.06190 late 25.91289 reg 367.16778)  val 0.07532 (rec 0.07532)  lr 1.00e-03  *best*
  ep  11  train 0.05624 (rec 0.05624 late 26.70631 reg 366.60900)  val 0.06616 (rec 0.06616)  lr 1.00e-03  *best*
  ep  12  train 0.05206 (rec 0.05206 late 26.46915 reg 356.27389)  val 0.06317 (rec 0.06317)  lr 1.00e-03  *best*
  ep  14  train 0.04695 (rec 0.04695 late 26.12915 reg 333.10885)  val 0.05734 (rec 0.05734)  lr 1.00e-03  *best*
  ep  15  train 0.04451 (rec 0.04451 late 26.05060 reg 325.57292)  val 0.05467 (rec 0.05467)  lr 1.00e-03  *best*
  ep  16  train 0.04199 (rec 0.04199 late 26.13912 reg 318.37783)  val 0.05420 (rec 0.05420)  lr 1.00e-03  *best*
  ep  17  train 0.04106 (rec 0.04106 late 25.32051 reg 307.64148)  val 0.05302 (rec 0.05302)  lr 1.00e-03  *best*
  ep  18  train 0.03851 (rec 0.03851 late 25.22519 reg 300.42050)  val 0.05157 (rec 0.05157)  lr 1.00e-03  *best*
  ep  20  train 0.03641 (rec 0.03641 late 25.31204 reg 293.05744)  val 0.04665 (rec 0.04665)  lr 1.00e-03  *best*
  ep  21  train 0.03393 (rec 0.03393 late 25.43650 reg 292.92784)  val 0.04467 (rec 0.04467)  lr 1.00e-03  *best*
  ep  23  train 0.03221 (rec 0.03221 late 25.72650 reg 291.27556)  val 0.04140 (rec 0.04140)  lr 1.00e-03  *best*
  ep  25  train 0.03074 (rec 0.03074 late 25.20071 reg 288.26279)  val 0.04076 (rec 0.04076)  lr 1.00e-03  *best*
  ep  28  train 0.02941 (rec 0.02941 late 24.33663 reg 284.32679)  val 0.03805 (rec 0.03805)  lr 1.00e-03  *best*
  ep  30  train 0.02717 (rec 0.02717 late 24.19581 reg 282.52115)  val 0.03916 (rec 0.03916)  lr 1.00e-03
  ep  33  train 0.02633 (rec 0.02633 late 23.89049 reg 281.77827)  val 0.03642 (rec 0.03642)  lr 1.00e-03  *best*
  ep  35  train 0.02436 (rec 0.02436 late 23.92260 reg 282.15424)  val 0.03585 (rec 0.03585)  lr 1.00e-03  *best*
  ep  36  train 0.02445 (rec 0.02445 late 23.78255 reg 280.08613)  val 0.03553 (rec 0.03553)  lr 1.00e-03  *best*
  ep  37  train 0.02369 (rec 0.02369 late 23.61384 reg 280.18549)  val 0.03474 (rec 0.03474)  lr 1.00e-03  *best*
  ep  38  train 0.02295 (rec 0.02295 late 23.52917 reg 279.95053)  val 0.03413 (rec 0.03413)  lr 1.00e-03  *best*
  ep  39  train 0.02304 (rec 0.02304 late 23.16962 reg 277.80386)  val 0.03393 (rec 0.03393)  lr 1.00e-03  *best*
  ep  40  train 0.02284 (rec 0.02284 late 22.95425 reg 276.23658)  val 0.03400 (rec 0.03400)  lr 1.00e-03
  ep  41  train 0.02217 (rec 0.02217 late 22.88136 reg 276.66454)  val 0.03367 (rec 0.03367)  lr 1.00e-03  *best*
  ep  43  train 0.02189 (rec 0.02189 late 21.89015 reg 271.99954)  val 0.03223 (rec 0.03223)  lr 1.00e-03  *best*
  ep  44  train 0.02133 (rec 0.02133 late 21.66522 reg 271.44250)  val 0.03134 (rec 0.03134)  lr 1.00e-03  *best*
  ep  45  train 0.02036 (rec 0.02036 late 21.85741 reg 272.20337)  val 0.03166 (rec 0.03166)  lr 1.00e-03
  ep  46  train 0.01995 (rec 0.01995 late 21.81574 reg 272.50352)  val 0.03040 (rec 0.03040)  lr 1.00e-03  *best*
  ep  50  train 0.01987 (rec 0.01987 late 21.69468 reg 269.87300)  val 0.03018 (rec 0.03018)  lr 1.00e-03  *best*
  ep  51  train 0.01900 (rec 0.01900 late 21.17014 reg 268.70332)  val 0.02905 (rec 0.02905)  lr 1.00e-03  *best*
  ep  52  train 0.01855 (rec 0.01855 late 21.24565 reg 269.34588)  val 0.02872 (rec 0.02872)  lr 1.00e-03  *best*
  ep  53  train 0.01829 (rec 0.01829 late 21.01267 reg 268.62794)  val 0.02871 (rec 0.02871)  lr 1.00e-03  *best*
  ep  55  train 0.01862 (rec 0.01862 late 20.78894 reg 267.72674)  val 0.02961 (rec 0.02961)  lr 1.00e-03
  ep  56  train 0.01876 (rec 0.01876 late 20.34320 reg 265.88301)  val 0.02796 (rec 0.02796)  lr 1.00e-03  *best*
  ep  58  train 0.01806 (rec 0.01806 late 20.61485 reg 265.35193)  val 0.02779 (rec 0.02779)  lr 1.00e-03  *best*
  ep  60  train 0.01710 (rec 0.01710 late 20.49440 reg 264.29472)  val 0.02881 (rec 0.02881)  lr 1.00e-03
  ep  65  train 0.01584 (rec 0.01584 late 19.49260 reg 261.03921)  val 0.02599 (rec 0.02599)  lr 5.00e-04  *best*
  ep  67  train 0.01433 (rec 0.01433 late 19.98477 reg 263.73003)  val 0.02531 (rec 0.02531)  lr 5.00e-04  *best*
  ep  70  train 0.01403 (rec 0.01403 late 20.33688 reg 265.76363)  val 0.02547 (rec 0.02547)  lr 5.00e-04
  ep  74  train 0.01301 (rec 0.01301 late 20.37196 reg 265.81498)  val 0.02488 (rec 0.02488)  lr 2.50e-04  *best*
  ep  75  train 0.01291 (rec 0.01291 late 20.52795 reg 266.91968)  val 0.02440 (rec 0.02440)  lr 2.50e-04  *best*
  ep  80  train 0.01243 (rec 0.01243 late 21.00710 reg 269.98632)  val 0.02504 (rec 0.02504)  lr 2.50e-04
  ep  85  train 0.01180 (rec 0.01180 late 21.19605 reg 271.50523)  val 0.02451 (rec 0.02451)  lr 1.25e-04
  ep  90  train 0.01145 (rec 0.01145 late 21.32568 reg 272.64101)  val 0.02423 (rec 0.02423)  lr 6.25e-05  *best*
  ep  94  train 0.01140 (rec 0.01140 late 21.39820 reg 273.34327)  val 0.02422 (rec 0.02422)  lr 6.25e-05  *best*
  ep  95  train 0.01142 (rec 0.01142 late 21.41044 reg 273.13025)  val 0.02406 (rec 0.02406)  lr 6.25e-05  *best*
  ep 100  train 0.01131 (rec 0.01131 late 21.53263 reg 274.12118)  val 0.02484 (rec 0.02484)  lr 6.25e-05
  ep 103  train 0.01120 (rec 0.01120 late 21.64026 reg 274.62098)  val 0.02402 (rec 0.02402)  lr 3.13e-05  *best*
  ep 105  train 0.01114 (rec 0.01114 late 21.65924 reg 274.87208)  val 0.02463 (rec 0.02463)  lr 3.13e-05
  ep 110  train 0.01103 (rec 0.01103 late 21.70446 reg 275.11464)  val 0.02425 (rec 0.02425)  lr 1.56e-05
  ep 115  train 0.01102 (rec 0.01102 late 21.76633 reg 275.51981)  val 0.02432 (rec 0.02432)  lr 1.56e-05
  ep 120  train 0.01097 (rec 0.01097 late 21.73657 reg 275.61442)  val 0.02429 (rec 0.02429)  lr 7.81e-06
  验证损失连续 20 个 epoch 未改善，早停于 ep123
[train] 完成：123 个 epoch，1157.1s，最优 val loss=0.024017 @ ep103
[train] 日志 .\outputs\runs\ours_no_late_no_kl\history.csv，checkpoint .\outputs\runs\ours_no_late_no_kl

--- 潜变量诊断 no_late_no_kl（train+test1 完整生命周期） ---
  样本 34618 窗口，8 单体
  互相关矩阵 corr(a_c, r_c')（行=潜槽位单体，列=内阻单体）:
          r    1  r    2  r    3  r    4  r    5  r    6  r    7  r    8
     a 1  +0.042 +0.042 -0.060 -0.016 -0.051 -0.048 -0.007 +0.037
     a 2  +0.065 +0.020 -0.046 -0.004 -0.036 -0.038 +0.009 +0.061
     a 3  +0.089 +0.076 -0.128 -0.029 -0.113 -0.096 -0.032 +0.082
     a 4  +0.092 +0.078 -0.090 -0.015 -0.078 -0.071 -0.005 +0.071
     a 5  +0.108 +0.095 -0.092 -0.001 -0.081 -0.064 -0.000 +0.082
     a 6  +0.091 +0.076 -0.098 -0.018 -0.084 -0.081 -0.013 +0.079
     a 7  +0.070 +0.062 -0.074 -0.011 -0.061 -0.053 -0.011 +0.064
     a 8  +0.042 +0.065 -0.001 +0.025 +0.006 +0.006 +0.044 -0.095
  对角均值 -0.0437  非对角均值 +0.0040  对角优势 -0.0477
  单体间差异捕获度：均值 -0.4011  （逐单体 [-0.373, -0.515, -0.484, -0.315, -0.475, -0.361, -0.271, -0.415]）
  SOC 对齐：corr +0.2831

==============================================================================
配置：no_kl   {'cell_resolved': True, 'lambda2': 0.1, 'lambda3': 0.0}
==============================================================================
[train] 切分（按 ID 的时间顺序，val 取时间尾部）：
    ID=  6  共   9127  训练   7758  验证  1369
    ID=  8  共  11147  训练   9475  验证  1672
    ID=  9  共   5093  训练   4329  验证   764
    ID= 10  共   1141  训练    970  验证   171
[train] 模型：CellResolvedAE，可训练参数 195,234  设备 cuda
[train] 标准化统计量已拟合（仅用训练集）：输入 (22532, 20, 256)，电压 (22532, 8, 256)，电流通道 idx=1
[train] 物理目标标准化已拟合（仅训练集）：内阻 median=[0.4074999988079071, 0.42590001225471497, 0.4472000002861023, 0.4083000123500824, 0.4390999972820282, 0.44920000433921814, 0.44200000166893005, 0.46129998564720154] scale=[0.11840000003576279, 0.11089999973773956, 0.11789999902248383, 0.09939999878406525, 0.10080000013113022, 0.09179999679327011, 0.11180000007152557, 0.1143999993801117] SOC median=0.9049 scale=0.0817
  ep   1  train 0.56430 (rec 0.34466 late 2.19640 reg 38.42116)  val 0.39856 (rec 0.19998)  lr 1.00e-03  *best*
  ep   2  train 0.34240 (rec 0.16070 late 1.81694 reg 131.88414)  val 0.37145 (rec 0.17150)  lr 1.00e-03  *best*
  ep   3  train 0.31356 (rec 0.14123 late 1.72337 reg 179.45446)  val 0.36536 (rec 0.14550)  lr 1.00e-03  *best*
  ep   4  train 0.29613 (rec 0.12619 late 1.69939 reg 204.94823)  val 0.31529 (rec 0.13571)  lr 1.00e-03  *best*
  ep   5  train 0.27966 (rec 0.11499 late 1.64668 reg 210.63981)  val 0.31682 (rec 0.13052)  lr 1.00e-03
  ep   6  train 0.26666 (rec 0.10359 late 1.63070 reg 224.39893)  val 0.30783 (rec 0.11590)  lr 1.00e-03  *best*
  ep   7  train 0.25244 (rec 0.09327 late 1.59165 reg 225.17450)  val 0.28606 (rec 0.10347)  lr 1.00e-03  *best*
  ep   8  train 0.24068 (rec 0.08288 late 1.57791 reg 217.67462)  val 0.26845 (rec 0.09304)  lr 1.00e-03  *best*
  ep  10  train 0.22147 (rec 0.06956 late 1.51911 reg 214.46171)  val 0.26360 (rec 0.08576)  lr 1.00e-03  *best*
  ep  12  train 0.20428 (rec 0.05809 late 1.46185 reg 216.26942)  val 0.23426 (rec 0.06853)  lr 1.00e-03  *best*
  ep  14  train 0.19173 (rec 0.05188 late 1.39850 reg 219.52178)  val 0.21904 (rec 0.06162)  lr 1.00e-03  *best*
  ep  15  train 0.18824 (rec 0.04961 late 1.38634 reg 217.67622)  val 0.21497 (rec 0.05908)  lr 1.00e-03  *best*
  ep  18  train 0.17389 (rec 0.04250 late 1.31387 reg 217.74850)  val 0.21459 (rec 0.05292)  lr 1.00e-03  *best*
  ep  19  train 0.17168 (rec 0.04114 late 1.30542 reg 218.75071)  val 0.20892 (rec 0.04999)  lr 1.00e-03  *best*
  ep  20  train 0.16887 (rec 0.04050 late 1.28370 reg 218.41262)  val 0.19558 (rec 0.04764)  lr 1.00e-03  *best*
  ep  22  train 0.16358 (rec 0.03777 late 1.25802 reg 218.63170)  val 0.19538 (rec 0.04690)  lr 1.00e-03  *best*
  ep  23  train 0.15956 (rec 0.03635 late 1.23205 reg 219.35931)  val 0.18977 (rec 0.04548)  lr 1.00e-03  *best*
  ep  25  train 0.15527 (rec 0.03554 late 1.19729 reg 219.02715)  val 0.20409 (rec 0.04580)  lr 1.00e-03
  ep  27  train 0.15156 (rec 0.03319 late 1.18371 reg 219.76841)  val 0.18553 (rec 0.04441)  lr 1.00e-03  *best*
  ep  29  train 0.14703 (rec 0.03079 late 1.16247 reg 217.73031)  val 0.18358 (rec 0.04143)  lr 1.00e-03  *best*
  ep  30  train 0.14638 (rec 0.03086 late 1.15525 reg 218.09392)  val 0.18285 (rec 0.04310)  lr 1.00e-03  *best*
  ep  32  train 0.14251 (rec 0.02958 late 1.12930 reg 218.59154)  val 0.17379 (rec 0.03817)  lr 1.00e-03  *best*
  ep  34  train 0.14097 (rec 0.02906 late 1.11909 reg 218.55770)  val 0.17142 (rec 0.03967)  lr 1.00e-03  *best*
  ep  35  train 0.13945 (rec 0.02840 late 1.11050 reg 218.70260)  val 0.17521 (rec 0.03745)  lr 1.00e-03
  ep  39  train 0.13527 (rec 0.02656 late 1.08714 reg 216.82772)  val 0.17052 (rec 0.03588)  lr 1.00e-03  *best*
  ep  40  train 0.13240 (rec 0.02596 late 1.06439 reg 217.13919)  val 0.16332 (rec 0.03618)  lr 1.00e-03  *best*
  ep  41  train 0.13145 (rec 0.02522 late 1.06229 reg 217.71857)  val 0.15886 (rec 0.03788)  lr 1.00e-03  *best*
  ep  45  train 0.12679 (rec 0.02399 late 1.02800 reg 217.20904)  val 0.16590 (rec 0.03526)  lr 1.00e-03
  ep  48  train 0.11980 (rec 0.02141 late 0.98397 reg 217.81360)  val 0.15266 (rec 0.03232)  lr 5.00e-04  *best*
  ep  50  train 0.11746 (rec 0.02036 late 0.97101 reg 220.51133)  val 0.15394 (rec 0.03237)  lr 5.00e-04
  ep  51  train 0.11726 (rec 0.02025 late 0.97015 reg 221.09805)  val 0.15224 (rec 0.03238)  lr 5.00e-04  *best*
  ep  52  train 0.11698 (rec 0.02022 late 0.96761 reg 221.84373)  val 0.14883 (rec 0.03134)  lr 5.00e-04  *best*
  ep  55  train 0.11498 (rec 0.01993 late 0.95049 reg 222.63465)  val 0.15358 (rec 0.03168)  lr 5.00e-04
  ep  57  train 0.11425 (rec 0.01960 late 0.94650 reg 223.34019)  val 0.14745 (rec 0.03376)  lr 5.00e-04  *best*
  ep  60  train 0.11272 (rec 0.01967 late 0.93055 reg 223.11179)  val 0.14474 (rec 0.03203)  lr 5.00e-04  *best*
  ep  63  train 0.11175 (rec 0.01949 late 0.92262 reg 224.76513)  val 0.14199 (rec 0.03192)  lr 5.00e-04  *best*
  ep  64  train 0.11015 (rec 0.01888 late 0.91272 reg 224.32176)  val 0.14104 (rec 0.03117)  lr 5.00e-04  *best*
  ep  65  train 0.11001 (rec 0.01861 late 0.91400 reg 224.06994)  val 0.14441 (rec 0.03111)  lr 5.00e-04
  ep  70  train 0.10703 (rec 0.01776 late 0.89267 reg 224.64382)  val 0.14457 (rec 0.03119)  lr 5.00e-04
  ep  71  train 0.10447 (rec 0.01716 late 0.87313 reg 224.57125)  val 0.14044 (rec 0.03065)  lr 2.50e-04  *best*
  ep  72  train 0.10420 (rec 0.01695 late 0.87244 reg 225.42827)  val 0.13879 (rec 0.03119)  lr 2.50e-04  *best*
  ep  73  train 0.10352 (rec 0.01662 late 0.86897 reg 226.07632)  val 0.13771 (rec 0.02980)  lr 2.50e-04  *best*
  ep  74  train 0.10301 (rec 0.01636 late 0.86648 reg 226.13468)  val 0.13735 (rec 0.03038)  lr 2.50e-04  *best*
  ep  75  train 0.10288 (rec 0.01655 late 0.86329 reg 226.61631)  val 0.14606 (rec 0.02946)  lr 2.50e-04
  ep  80  train 0.10148 (rec 0.01612 late 0.85352 reg 227.93129)  val 0.13857 (rec 0.02896)  lr 2.50e-04
  ep  81  train 0.09991 (rec 0.01552 late 0.84388 reg 227.84753)  val 0.13683 (rec 0.02878)  lr 1.25e-04  *best*
  ep  83  train 0.09942 (rec 0.01543 late 0.83995 reg 228.58681)  val 0.13553 (rec 0.03016)  lr 1.25e-04  *best*
  ep  85  train 0.09942 (rec 0.01542 late 0.83997 reg 228.79764)  val 0.13694 (rec 0.02891)  lr 1.25e-04
  ep  86  train 0.09915 (rec 0.01540 late 0.83744 reg 229.13829)  val 0.13517 (rec 0.02949)  lr 1.25e-04  *best*
  ep  88  train 0.09894 (rec 0.01525 late 0.83683 reg 229.70784)  val 0.13483 (rec 0.02903)  lr 1.25e-04  *best*
  ep  90  train 0.09877 (rec 0.01522 late 0.83555 reg 230.19544)  val 0.13434 (rec 0.02893)  lr 1.25e-04  *best*
  ep  95  train 0.09787 (rec 0.01503 late 0.82843 reg 230.92737)  val 0.13196 (rec 0.02852)  lr 1.25e-04  *best*
  ep 100  train 0.09718 (rec 0.01496 late 0.82217 reg 231.57615)  val 0.13508 (rec 0.02935)  lr 1.25e-04
  ep 105  train 0.09576 (rec 0.01447 late 0.81293 reg 232.30579)  val 0.13327 (rec 0.02925)  lr 6.25e-05
  ep 107  train 0.09559 (rec 0.01439 late 0.81197 reg 232.45122)  val 0.13141 (rec 0.02900)  lr 6.25e-05  *best*
  ep 108  train 0.09571 (rec 0.01440 late 0.81314 reg 232.79369)  val 0.13018 (rec 0.02915)  lr 6.25e-05  *best*
  ep 110  train 0.09549 (rec 0.01436 late 0.81136 reg 232.87386)  val 0.13197 (rec 0.02895)  lr 6.25e-05
  ep 115  train 0.09476 (rec 0.01421 late 0.80554 reg 233.49044)  val 0.13047 (rec 0.02896)  lr 3.13e-05
  ep 120  train 0.09453 (rec 0.01413 late 0.80393 reg 233.87258)  val 0.13316 (rec 0.02932)  lr 3.13e-05
  ep 125  train 0.09417 (rec 0.01400 late 0.80177 reg 234.05479)  val 0.13263 (rec 0.02891)  lr 1.56e-05
  验证损失连续 20 个 epoch 未改善，早停于 ep128
[train] 完成：128 个 epoch，1263.8s，最优 val loss=0.130183 @ ep108
[train] 日志 .\outputs\runs\ours_no_kl\history.csv，checkpoint .\outputs\runs\ours_no_kl

--- 潜变量诊断 no_kl（train+test1 完整生命周期） ---
  样本 34618 窗口，8 单体
  互相关矩阵 corr(a_c, r_c')（行=潜槽位单体，列=内阻单体）:
          r    1  r    2  r    3  r    4  r    5  r    6  r    7  r    8
     a 1  +0.697 +0.625 +0.469 +0.592 +0.495 +0.474 +0.598 +0.322
     a 2  +0.651 +0.703 +0.486 +0.603 +0.506 +0.495 +0.599 +0.256
     a 3  +0.530 +0.518 +0.729 +0.685 +0.709 +0.700 +0.693 +0.172
     a 4  +0.616 +0.596 +0.616 +0.681 +0.619 +0.621 +0.664 +0.236
     a 5  +0.543 +0.519 +0.681 +0.654 +0.686 +0.649 +0.665 +0.184
     a 6  +0.499 +0.496 +0.693 +0.669 +0.668 +0.702 +0.656 +0.159
     a 7  +0.590 +0.557 +0.613 +0.639 +0.612 +0.592 +0.671 +0.192
     a 8  +0.547 +0.423 +0.249 +0.382 +0.281 +0.264 +0.346 +0.681
  对角均值 +0.6937  非对角均值 +0.5208  对角优势 +0.1728
  单体间差异捕获度：均值 +0.7019  （逐单体 [0.675, 0.762, 0.746, 0.573, 0.702, 0.733, 0.689, 0.735]）
  SOC 对齐：corr +0.9077

==============================================================================
配置：no_late   {'cell_resolved': True, 'lambda2': 0.0, 'lambda3': 0.001}
==============================================================================
[train] 切分（按 ID 的时间顺序，val 取时间尾部）：
    ID=  6  共   9127  训练   7758  验证  1369
    ID=  8  共  11147  训练   9475  验证  1672
    ID=  9  共   5093  训练   4329  验证   764
    ID= 10  共   1141  训练    970  验证   171
[train] 模型：CellResolvedAE，可训练参数 195,234  设备 cuda
[train] 标准化统计量已拟合（仅用训练集）：输入 (22532, 20, 256)，电压 (22532, 8, 256)，电流通道 idx=1
[train] 物理目标标准化已拟合（仅训练集）：内阻 median=[0.4074999988079071, 0.42590001225471497, 0.4472000002861023, 0.4083000123500824, 0.4390999972820282, 0.44920000433921814, 0.44200000166893005, 0.46129998564720154] scale=[0.11840000003576279, 0.11089999973773956, 0.11789999902248383, 0.09939999878406525, 0.10080000013113022, 0.09179999679327011, 0.11180000007152557, 0.1143999993801117] SOC median=0.9049 scale=0.0817
  ep   1  train 0.35325 (rec 0.34332 late 3.59676 reg 9.92704)  val 0.20764 (rec 0.19176)  lr 1.00e-03  *best*
  ep   2  train 0.18138 (rec 0.16876 late 3.52942 reg 12.61851)  val 0.17794 (rec 0.16309)  lr 1.00e-03  *best*
  ep   3  train 0.15848 (rec 0.14686 late 3.51625 reg 11.62483)  val 0.16521 (rec 0.15266)  lr 1.00e-03  *best*
  ep   4  train 0.14270 (rec 0.13181 late 3.43577 reg 10.89384)  val 0.14877 (rec 0.13701)  lr 1.00e-03  *best*
  ep   5  train 0.13473 (rec 0.12420 late 3.49737 reg 10.53264)  val 0.14115 (rec 0.12921)  lr 1.00e-03  *best*
  ep   6  train 0.12398 (rec 0.11347 late 3.66474 reg 10.50983)  val 0.12184 (rec 0.11085)  lr 1.00e-03  *best*
  ep   8  train 0.10086 (rec 0.09019 late 3.92062 reg 10.66412)  val 0.10644 (rec 0.09455)  lr 1.00e-03  *best*
  ep   9  train 0.09582 (rec 0.08492 late 4.04276 reg 10.89783)  val 0.09927 (rec 0.08704)  lr 1.00e-03  *best*
  ep  10  train 0.08767 (rec 0.07652 late 4.14460 reg 11.14388)  val 0.09701 (rec 0.08464)  lr 1.00e-03  *best*
  ep  11  train 0.08316 (rec 0.07180 late 4.19872 reg 11.36494)  val 0.09658 (rec 0.08370)  lr 1.00e-03  *best*
  ep  12  train 0.07923 (rec 0.06779 late 4.17893 reg 11.43470)  val 0.09117 (rec 0.07871)  lr 1.00e-03  *best*
  ep  13  train 0.07699 (rec 0.06553 late 4.18699 reg 11.45887)  val 0.08863 (rec 0.07591)  lr 1.00e-03  *best*
  ep  14  train 0.07366 (rec 0.06219 late 4.16021 reg 11.46370)  val 0.08285 (rec 0.07055)  lr 1.00e-03  *best*
  ep  15  train 0.06990 (rec 0.05839 late 4.12357 reg 11.50493)  val 0.07711 (rec 0.06416)  lr 1.00e-03  *best*
  ep  16  train 0.06737 (rec 0.05595 late 4.08103 reg 11.41907)  val 0.07578 (rec 0.06301)  lr 1.00e-03  *best*
  ep  17  train 0.06557 (rec 0.05418 late 4.03029 reg 11.38542)  val 0.07306 (rec 0.06097)  lr 1.00e-03  *best*
  ep  18  train 0.06325 (rec 0.05183 late 3.97395 reg 11.41471)  val 0.06999 (rec 0.05793)  lr 1.00e-03  *best*
  ep  20  train 0.06061 (rec 0.04936 late 3.85393 reg 11.25595)  val 0.06963 (rec 0.05783)  lr 1.00e-03  *best*
  ep  21  train 0.05929 (rec 0.04801 late 3.84070 reg 11.27213)  val 0.06912 (rec 0.05674)  lr 1.00e-03  *best*
  ep  23  train 0.05663 (rec 0.04551 late 3.77793 reg 11.11704)  val 0.06430 (rec 0.05250)  lr 1.00e-03  *best*
  ep  25  train 0.05461 (rec 0.04357 late 3.74739 reg 11.03209)  val 0.06288 (rec 0.05084)  lr 1.00e-03  *best*
  ep  27  train 0.05328 (rec 0.04221 late 3.74349 reg 11.07151)  val 0.06157 (rec 0.04935)  lr 1.00e-03  *best*
  ep  28  train 0.05233 (rec 0.04119 late 3.75529 reg 11.13201)  val 0.05898 (rec 0.04682)  lr 1.00e-03  *best*
  ep  30  train 0.05099 (rec 0.03985 late 3.74365 reg 11.14095)  val 0.06060 (rec 0.04865)  lr 1.00e-03
  ep  31  train 0.05108 (rec 0.03995 late 3.74894 reg 11.13059)  val 0.05850 (rec 0.04710)  lr 1.00e-03  *best*
  ep  33  train 0.04935 (rec 0.03823 late 3.77196 reg 11.11905)  val 0.05627 (rec 0.04441)  lr 1.00e-03  *best*
  ep  34  train 0.04880 (rec 0.03760 late 3.76250 reg 11.20183)  val 0.05601 (rec 0.04423)  lr 1.00e-03  *best*
  ep  35  train 0.04789 (rec 0.03667 late 3.75895 reg 11.21981)  val 0.05602 (rec 0.04383)  lr 1.00e-03
  ep  38  train 0.04682 (rec 0.03559 late 3.76838 reg 11.22904)  val 0.05253 (rec 0.04069)  lr 1.00e-03  *best*
  ep  40  train 0.04586 (rec 0.03462 late 3.77984 reg 11.24236)  val 0.05260 (rec 0.04048)  lr 1.00e-03
  ep  45  train 0.04243 (rec 0.03106 late 3.72459 reg 11.36352)  val 0.04996 (rec 0.03783)  lr 5.00e-04  *best*
  ep  48  train 0.04171 (rec 0.03032 late 3.71061 reg 11.38693)  val 0.04936 (rec 0.03740)  lr 5.00e-04  *best*
  ep  50  train 0.04124 (rec 0.02991 late 3.70261 reg 11.32188)  val 0.05070 (rec 0.03831)  lr 5.00e-04
  ep  52  train 0.04079 (rec 0.02941 late 3.69830 reg 11.38088)  val 0.04903 (rec 0.03704)  lr 5.00e-04  *best*
  ep  55  train 0.04060 (rec 0.02918 late 3.66914 reg 11.42390)  val 0.05000 (rec 0.03792)  lr 5.00e-04
  ep  58  train 0.03999 (rec 0.02856 late 3.65409 reg 11.43189)  val 0.04728 (rec 0.03502)  lr 5.00e-04  *best*
  ep  60  train 0.03961 (rec 0.02821 late 3.63792 reg 11.39589)  val 0.04946 (rec 0.03718)  lr 5.00e-04
  ep  62  train 0.03949 (rec 0.02808 late 3.64063 reg 11.40804)  val 0.04706 (rec 0.03498)  lr 5.00e-04  *best*
  ep  65  train 0.03945 (rec 0.02802 late 3.63823 reg 11.42974)  val 0.04803 (rec 0.03567)  lr 5.00e-04
  ep  70  train 0.03740 (rec 0.02596 late 3.61673 reg 11.44311)  val 0.04676 (rec 0.03431)  lr 2.50e-04  *best*
  ep  72  train 0.03740 (rec 0.02595 late 3.60927 reg 11.45168)  val 0.04651 (rec 0.03429)  lr 2.50e-04  *best*
  ep  74  train 0.03726 (rec 0.02581 late 3.60053 reg 11.45183)  val 0.04628 (rec 0.03414)  lr 2.50e-04  *best*
  ep  75  train 0.03737 (rec 0.02593 late 3.58572 reg 11.44653)  val 0.04688 (rec 0.03440)  lr 2.50e-04
  ep  76  train 0.03705 (rec 0.02557 late 3.60159 reg 11.47846)  val 0.04612 (rec 0.03379)  lr 2.50e-04  *best*
  ep  79  train 0.03675 (rec 0.02532 late 3.59116 reg 11.43188)  val 0.04553 (rec 0.03325)  lr 2.50e-04  *best*
  ep  80  train 0.03685 (rec 0.02536 late 3.59347 reg 11.48578)  val 0.04624 (rec 0.03390)  lr 2.50e-04
  ep  83  train 0.03658 (rec 0.02515 late 3.57495 reg 11.43085)  val 0.04529 (rec 0.03297)  lr 2.50e-04  *best*
  ep  85  train 0.03667 (rec 0.02520 late 3.57826 reg 11.46531)  val 0.04636 (rec 0.03416)  lr 2.50e-04
  ep  90  train 0.03570 (rec 0.02422 late 3.58287 reg 11.47700)  val 0.04529 (rec 0.03287)  lr 1.25e-04  *best*
  ep  95  train 0.03563 (rec 0.02413 late 3.56830 reg 11.49710)  val 0.04545 (rec 0.03311)  lr 1.25e-04
  ep  97  train 0.03517 (rec 0.02367 late 3.56509 reg 11.49805)  val 0.04494 (rec 0.03262)  lr 6.25e-05  *best*
  ep 100  train 0.03519 (rec 0.02371 late 3.55589 reg 11.47964)  val 0.04595 (rec 0.03358)  lr 6.25e-05
  ep 101  train 0.03511 (rec 0.02364 late 3.55829 reg 11.46868)  val 0.04486 (rec 0.03265)  lr 6.25e-05  *best*
  ep 105  train 0.03490 (rec 0.02342 late 3.55610 reg 11.47675)  val 0.04492 (rec 0.03260)  lr 6.25e-05
  ep 110  train 0.03485 (rec 0.02338 late 3.55129 reg 11.46854)  val 0.04489 (rec 0.03253)  lr 3.13e-05
  ep 115  train 0.03471 (rec 0.02322 late 3.55737 reg 11.49049)  val 0.04498 (rec 0.03262)  lr 1.56e-05
  ep 119  train 0.03465 (rec 0.02316 late 3.55420 reg 11.49003)  val 0.04482 (rec 0.03250)  lr 1.56e-05  *best*
  ep 120  train 0.03474 (rec 0.02325 late 3.55485 reg 11.48948)  val 0.04514 (rec 0.03276)  lr 1.56e-05
  ep 125  train 0.03472 (rec 0.02323 late 3.55772 reg 11.48427)  val 0.04513 (rec 0.03279)  lr 1.56e-05
  ep 130  train 0.03457 (rec 0.02310 late 3.55730 reg 11.47185)  val 0.04491 (rec 0.03258)  lr 7.81e-06
  ep 135  train 0.03467 (rec 0.02318 late 3.55493 reg 11.48860)  val 0.04481 (rec 0.03247)  lr 3.91e-06  *best*
  ep 140  train 0.03453 (rec 0.02305 late 3.55435 reg 11.47974)  val 0.04489 (rec 0.03254)  lr 1.95e-06
  ep 145  train 0.03462 (rec 0.02314 late 3.55631 reg 11.48104)  val 0.04490 (rec 0.03255)  lr 9.77e-07
  ep 150  train 0.03454 (rec 0.02306 late 3.55495 reg 11.48583)  val 0.04490 (rec 0.03255)  lr 4.88e-07
  ep 155  train 0.03457 (rec 0.02308 late 3.55583 reg 11.48713)  val 0.04488 (rec 0.03253)  lr 4.88e-07
  验证损失连续 20 个 epoch 未改善，早停于 ep155
[train] 完成：155 个 epoch，1551.1s，最优 val loss=0.044815 @ ep135
[train] 日志 .\outputs\runs\ours_no_late\history.csv，checkpoint .\outputs\runs\ours_no_late

--- 潜变量诊断 no_late（train+test1 完整生命周期） ---
  样本 34618 窗口，8 单体
  互相关矩阵 corr(a_c, r_c')（行=潜槽位单体，列=内阻单体）:
          r    1  r    2  r    3  r    4  r    5  r    6  r    7  r    8
     a 1  -0.260 -0.231 -0.201 -0.262 -0.215 -0.217 -0.248 -0.131
     a 2  -0.201 -0.259 -0.187 -0.241 -0.197 -0.209 -0.216 -0.078
     a 3  -0.131 -0.137 -0.385 -0.297 -0.380 -0.347 -0.306 -0.020
     a 4  -0.141 -0.151 -0.257 -0.260 -0.260 -0.266 -0.231 -0.052
     a 5  -0.080 -0.086 -0.305 -0.227 -0.311 -0.272 -0.228 -0.009
     a 6  -0.076 -0.094 -0.291 -0.240 -0.282 -0.295 -0.224 -0.000
     a 7  -0.078 -0.083 -0.240 -0.195 -0.236 -0.219 -0.209 +0.003
     a 8  -0.122 -0.089 -0.018 -0.108 -0.034 -0.062 -0.055 -0.228
  对角均值 -0.2759  非对角均值 -0.1744  对角优势 -0.1015
  单体间差异捕获度：均值 -0.5286  （逐单体 [-0.608, -0.652, -0.614, -0.316, -0.583, -0.52, -0.472, -0.463]）
  SOC 对齐：corr -0.0469

==============================================================================
配置：full   {'cell_resolved': True, 'lambda2': 0.1, 'lambda3': 0.001}
==============================================================================
[train] 切分（按 ID 的时间顺序，val 取时间尾部）：
    ID=  6  共   9127  训练   7758  验证  1369
    ID=  8  共  11147  训练   9475  验证  1672
    ID=  9  共   5093  训练   4329  验证   764
    ID= 10  共   1141  训练    970  验证   171
[train] 模型：CellResolvedAE，可训练参数 195,234  设备 cuda
[train] 标准化统计量已拟合（仅用训练集）：输入 (22532, 20, 256)，电压 (22532, 8, 256)，电流通道 idx=1
[train] 物理目标标准化已拟合（仅训练集）：内阻 median=[0.4074999988079071, 0.42590001225471497, 0.4472000002861023, 0.4083000123500824, 0.4390999972820282, 0.44920000433921814, 0.44200000166893005, 0.46129998564720154] scale=[0.11840000003576279, 0.11089999973773956, 0.11789999902248383, 0.09939999878406525, 0.10080000013113022, 0.09179999679327011, 0.11180000007152557, 0.1143999993801117] SOC median=0.9049 scale=0.0817
  ep   1  train 0.58045 (rec 0.35207 late 2.19908 reg 8.46462)  val 0.44256 (rec 0.19787)  lr 1.00e-03  *best*
  ep   2  train 0.36871 (rec 0.17231 late 1.82105 reg 14.29391)  val 0.37850 (rec 0.16127)  lr 1.00e-03  *best*
  ep   4  train 0.32148 (rec 0.13793 late 1.69212 reg 14.33277)  val 0.33682 (rec 0.13606)  lr 1.00e-03  *best*
  ep   5  train 0.30775 (rec 0.12828 late 1.65166 reg 14.30393)  val 0.33400 (rec 0.13494)  lr 1.00e-03  *best*
  ep   6  train 0.29497 (rec 0.11832 late 1.62183 reg 14.46054)  val 0.32086 (rec 0.11887)  lr 1.00e-03  *best*
  ep   8  train 0.26901 (rec 0.09888 late 1.55815 reg 14.31611)  val 0.29101 (rec 0.10086)  lr 1.00e-03  *best*
  ep  10  train 0.25034 (rec 0.08480 late 1.50619 reg 14.92259)  val 0.29994 (rec 0.10410)  lr 1.00e-03
  ep  11  train 0.24180 (rec 0.07994 late 1.46978 reg 14.88464)  val 0.27692 (rec 0.08653)  lr 1.00e-03  *best*
  ep  12  train 0.23376 (rec 0.07564 late 1.43206 reg 14.92115)  val 0.26504 (rec 0.08292)  lr 1.00e-03  *best*
  ep  13  train 0.22792 (rec 0.07320 late 1.39418 reg 15.29979)  val 0.26203 (rec 0.08227)  lr 1.00e-03  *best*
  ep  14  train 0.21993 (rec 0.06910 late 1.35271 reg 15.55735)  val 0.24901 (rec 0.07425)  lr 1.00e-03  *best*
  ep  15  train 0.21542 (rec 0.06649 late 1.33396 reg 15.53901)  val 0.24765 (rec 0.06845)  lr 1.00e-03  *best*
  ep  16  train 0.20993 (rec 0.06275 late 1.31573 reg 15.61338)  val 0.24628 (rec 0.06780)  lr 1.00e-03  *best*
  ep  17  train 0.20557 (rec 0.06016 late 1.29713 reg 15.69330)  val 0.24363 (rec 0.06801)  lr 1.00e-03  *best*
  ep  18  train 0.19931 (rec 0.05779 late 1.25807 reg 15.71649)  val 0.23754 (rec 0.06322)  lr 1.00e-03  *best*
  ep  19  train 0.19764 (rec 0.05666 late 1.25109 reg 15.87048)  val 0.22958 (rec 0.06099)  lr 1.00e-03  *best*
  ep  20  train 0.19484 (rec 0.05475 late 1.24320 reg 15.77785)  val 0.22028 (rec 0.05809)  lr 1.00e-03  *best*
  ep  22  train 0.18884 (rec 0.05181 late 1.21235 reg 15.79314)  val 0.21965 (rec 0.05707)  lr 1.00e-03  *best*
  ep  23  train 0.18512 (rec 0.05083 late 1.18618 reg 15.68062)  val 0.21298 (rec 0.05564)  lr 1.00e-03  *best*
  ep  25  train 0.18054 (rec 0.04809 late 1.16858 reg 15.59700)  val 0.22691 (rec 0.05704)  lr 1.00e-03
  ep  26  train 0.18070 (rec 0.04842 late 1.16762 reg 15.51676)  val 0.21254 (rec 0.05174)  lr 1.00e-03  *best*
  ep  27  train 0.17816 (rec 0.04704 late 1.15655 reg 15.46004)  val 0.20490 (rec 0.05180)  lr 1.00e-03  *best*
  ep  29  train 0.17263 (rec 0.04441 late 1.12845 reg 15.36935)  val 0.20294 (rec 0.05288)  lr 1.00e-03  *best*
  ep  30  train 0.17180 (rec 0.04462 late 1.11954 reg 15.22313)  val 0.19955 (rec 0.04922)  lr 1.00e-03  *best*
  ep  34  train 0.16540 (rec 0.04189 late 1.08508 reg 15.00894)  val 0.18836 (rec 0.04594)  lr 1.00e-03  *best*
  ep  35  train 0.16367 (rec 0.04115 late 1.07482 reg 15.04523)  val 0.20072 (rec 0.04536)  lr 1.00e-03
  ep  38  train 0.15835 (rec 0.03907 late 1.04291 reg 14.98783)  val 0.18712 (rec 0.04518)  lr 1.00e-03  *best*
  ep  39  train 0.15834 (rec 0.03941 late 1.04103 reg 14.82770)  val 0.18696 (rec 0.04335)  lr 1.00e-03  *best*
  ep  40  train 0.15536 (rec 0.03822 late 1.02327 reg 14.81363)  val 0.17957 (rec 0.04421)  lr 1.00e-03  *best*
  ep  41  train 0.15367 (rec 0.03763 late 1.01117 reg 14.91873)  val 0.17568 (rec 0.04330)  lr 1.00e-03  *best*
  ep  45  train 0.14866 (rec 0.03591 late 0.97895 reg 14.85632)  val 0.18297 (rec 0.04301)  lr 1.00e-03
  ep  46  train 0.14715 (rec 0.03586 late 0.96562 reg 14.73157)  val 0.17381 (rec 0.03966)  lr 1.00e-03  *best*
  ep  48  train 0.14582 (rec 0.03537 late 0.95766 reg 14.68508)  val 0.17133 (rec 0.04250)  lr 1.00e-03  *best*
  ep  50  train 0.14150 (rec 0.03368 late 0.93032 reg 14.78998)  val 0.17844 (rec 0.04043)  lr 1.00e-03
  ep  52  train 0.14113 (rec 0.03393 late 0.92426 reg 14.77832)  val 0.17095 (rec 0.04224)  lr 1.00e-03  *best*
  ep  55  train 0.13811 (rec 0.03314 late 0.90273 reg 14.69368)  val 0.16467 (rec 0.03858)  lr 1.00e-03  *best*
  ep  60  train 0.13240 (rec 0.03158 late 0.86180 reg 14.64659)  val 0.15905 (rec 0.03735)  lr 1.00e-03  *best*
  ep  65  train 0.12852 (rec 0.03163 late 0.82354 reg 14.53293)  val 0.15819 (rec 0.03777)  lr 1.00e-03  *best*
  ep  69  train 0.12536 (rec 0.02994 late 0.80863 reg 14.55913)  val 0.15620 (rec 0.03702)  lr 1.00e-03  *best*
  ep  70  train 0.12431 (rec 0.02922 late 0.80524 reg 14.57267)  val 0.16446 (rec 0.04219)  lr 1.00e-03
  ep  72  train 0.12505 (rec 0.02994 late 0.80572 reg 14.53120)  val 0.15181 (rec 0.03564)  lr 1.00e-03  *best*
  ep  75  train 0.12125 (rec 0.02856 late 0.78129 reg 14.55625)  val 0.15207 (rec 0.03782)  lr 1.00e-03
  ep  79  train 0.11462 (rec 0.02640 late 0.73794 reg 14.42356)  val 0.14571 (rec 0.03343)  lr 5.00e-04  *best*
  ep  80  train 0.11373 (rec 0.02581 late 0.73405 reg 14.51869)  val 0.15037 (rec 0.03391)  lr 5.00e-04
  ep  85  train 0.11255 (rec 0.02556 late 0.72529 reg 14.46198)  val 0.14526 (rec 0.03462)  lr 5.00e-04  *best*
  ep  88  train 0.11172 (rec 0.02534 late 0.71889 reg 14.49811)  val 0.14355 (rec 0.03267)  lr 5.00e-04  *best*
  ep  90  train 0.11139 (rec 0.02512 late 0.71803 reg 14.46874)  val 0.14717 (rec 0.03654)  lr 5.00e-04
  ep  95  train 0.10817 (rec 0.02414 late 0.69555 reg 14.48004)  val 0.14202 (rec 0.03196)  lr 2.50e-04  *best*
  ep  97  train 0.10737 (rec 0.02363 late 0.69189 reg 14.55362)  val 0.14183 (rec 0.03211)  lr 2.50e-04  *best*
  ep  98  train 0.10688 (rec 0.02360 late 0.68837 reg 14.44891)  val 0.14125 (rec 0.03286)  lr 2.50e-04  *best*
  ep 100  train 0.10684 (rec 0.02355 late 0.68777 reg 14.50587)  val 0.14390 (rec 0.03349)  lr 2.50e-04
  ep 102  train 0.10656 (rec 0.02335 late 0.68717 reg 14.48891)  val 0.13966 (rec 0.03237)  lr 2.50e-04  *best*
  ep 105  train 0.10665 (rec 0.02361 late 0.68530 reg 14.50928)  val 0.14188 (rec 0.03263)  lr 2.50e-04
  ep 110  train 0.10414 (rec 0.02254 late 0.67183 reg 14.41359)  val 0.14045 (rec 0.03223)  lr 1.25e-04
  ep 111  train 0.10439 (rec 0.02264 late 0.67293 reg 14.45066)  val 0.13885 (rec 0.03206)  lr 1.25e-04  *best*
  ep 115  train 0.10398 (rec 0.02256 late 0.66962 reg 14.45898)  val 0.13862 (rec 0.03228)  lr 1.25e-04  *best*
  ep 119  train 0.10374 (rec 0.02233 late 0.66978 reg 14.43536)  val 0.13830 (rec 0.03206)  lr 1.25e-04  *best*
  ep 120  train 0.10381 (rec 0.02246 late 0.66906 reg 14.44946)  val 0.14293 (rec 0.03374)  lr 1.25e-04
  ep 124  train 0.10345 (rec 0.02227 late 0.66732 reg 14.45077)  val 0.13749 (rec 0.03173)  lr 1.25e-04  *best*
  ep 125  train 0.10344 (rec 0.02223 late 0.66766 reg 14.44183)  val 0.14449 (rec 0.03198)  lr 1.25e-04
  ep 130  train 0.10279 (rec 0.02213 late 0.66278 reg 14.37888)  val 0.14058 (rec 0.03217)  lr 1.25e-04
  ep 135  train 0.10194 (rec 0.02174 late 0.65758 reg 14.44882)  val 0.13928 (rec 0.03140)  lr 6.25e-05
  ep 140  train 0.10143 (rec 0.02154 late 0.65452 reg 14.44187)  val 0.13852 (rec 0.03149)  lr 3.13e-05
  验证损失连续 20 个 epoch 未改善，早停于 ep144
[train] 完成：144 个 epoch，1440.1s，最优 val loss=0.137493 @ ep124
[train] 日志 .\outputs\runs\ours_full\history.csv，checkpoint .\outputs\runs\ours_full

--- 潜变量诊断 full（train+test1 完整生命周期） ---
  样本 34618 窗口，8 单体
  互相关矩阵 corr(a_c, r_c')（行=潜槽位单体，列=内阻单体）:
          r    1  r    2  r    3  r    4  r    5  r    6  r    7  r    8
     a 1  +0.763 +0.681 +0.532 +0.652 +0.560 +0.532 +0.661 +0.360
     a 2  +0.716 +0.757 +0.549 +0.668 +0.571 +0.556 +0.663 +0.288
     a 3  +0.580 +0.566 +0.764 +0.727 +0.750 +0.736 +0.732 +0.198
     a 4  +0.665 +0.645 +0.671 +0.734 +0.679 +0.673 +0.716 +0.261
     a 5  +0.599 +0.572 +0.721 +0.703 +0.732 +0.689 +0.712 +0.216
     a 6  +0.549 +0.542 +0.730 +0.712 +0.710 +0.737 +0.698 +0.185
     a 7  +0.652 +0.615 +0.672 +0.699 +0.675 +0.650 +0.733 +0.218
     a 8  +0.550 +0.421 +0.262 +0.386 +0.295 +0.272 +0.345 +0.772
  对角均值 +0.7493  非对角均值 +0.5650  对角优势 +0.1843
  单体间差异捕获度：均值 +0.7499  （逐单体 [0.706, 0.789, 0.775, 0.669, 0.748, 0.751, 0.754, 0.806]）
  SOC 对齐：corr +0.8255

==============================================================================
配置：shared_latent   {'cell_resolved': False, 'lambda2': 0.0, 'lambda3': 0.0}
==============================================================================
[train] 切分（按 ID 的时间顺序，val 取时间尾部）：
    ID=  6  共   9127  训练   7758  验证  1369
    ID=  8  共  11147  训练   9475  验证  1672
    ID=  9  共   5093  训练   4329  验证   764
    ID= 10  共   1141  训练    970  验证   171
[train] 模型：CellResolvedAE，可训练参数 198,114  设备 cuda
[train] 标准化统计量已拟合（仅用训练集）：输入 (22532, 20, 256)，电压 (22532, 8, 256)，电流通道 idx=1
[train] 物理目标标准化已拟合（仅训练集）：内阻 median=[0.4074999988079071, 0.42590001225471497, 0.4472000002861023, 0.4083000123500824, 0.4390999972820282, 0.44920000433921814, 0.44200000166893005, 0.46129998564720154] scale=[0.11840000003576279, 0.11089999973773956, 0.11789999902248383, 0.09939999878406525, 0.10080000013113022, 0.09179999679327011, 0.11180000007152557, 0.1143999993801117] SOC median=0.9049 scale=0.0817
  ep   1  train 0.31583 (rec 0.31583 late 10.10376 reg 107.04928)  val 0.19008 (rec 0.19008)  lr 1.00e-03  *best*
  ep   4  train 0.13063 (rec 0.13063 late 36.27338 reg 398.56087)  val 0.13483 (rec 0.13483)  lr 1.00e-03  *best*
  ep   5  train 0.11172 (rec 0.11172 late 46.97443 reg 480.04973)  val 0.12417 (rec 0.12417)  lr 1.00e-03  *best*
  ep   6  train 0.10364 (rec 0.10364 late 50.25383 reg 515.80887)  val 0.11444 (rec 0.11444)  lr 1.00e-03  *best*
  ep   8  train 0.09142 (rec 0.09142 late 40.68296 reg 458.49467)  val 0.10140 (rec 0.10140)  lr 1.00e-03  *best*
  ep   9  train 0.08212 (rec 0.08212 late 32.88600 reg 403.62580)  val 0.09017 (rec 0.09017)  lr 1.00e-03  *best*
  ep  10  train 0.07535 (rec 0.07535 late 28.03992 reg 369.77259)  val 0.08382 (rec 0.08382)  lr 1.00e-03  *best*
  ep  11  train 0.06966 (rec 0.06966 late 25.42326 reg 346.38304)  val 0.08027 (rec 0.08027)  lr 1.00e-03  *best*
  ep  12  train 0.06424 (rec 0.06424 late 24.30994 reg 338.58369)  val 0.07644 (rec 0.07644)  lr 1.00e-03  *best*
  ep  14  train 0.05971 (rec 0.05971 late 22.28077 reg 323.91703)  val 0.06916 (rec 0.06916)  lr 1.00e-03  *best*
  ep  15  train 0.05697 (rec 0.05697 late 20.65180 reg 312.33974)  val 0.07026 (rec 0.07026)  lr 1.00e-03
  ep  16  train 0.05355 (rec 0.05355 late 20.27725 reg 308.89803)  val 0.06460 (rec 0.06460)  lr 1.00e-03  *best*
  ep  17  train 0.05165 (rec 0.05165 late 18.37228 reg 296.12582)  val 0.06108 (rec 0.06108)  lr 1.00e-03  *best*
  ep  20  train 0.04616 (rec 0.04616 late 16.39323 reg 283.05180)  val 0.05890 (rec 0.05890)  lr 1.00e-03  *best*
  ep  21  train 0.04382 (rec 0.04382 late 15.83227 reg 282.88356)  val 0.05637 (rec 0.05637)  lr 1.00e-03  *best*
  ep  24  train 0.04092 (rec 0.04092 late 14.86982 reg 275.12039)  val 0.05214 (rec 0.05214)  lr 1.00e-03  *best*
  ep  25  train 0.03956 (rec 0.03956 late 14.91589 reg 277.45391)  val 0.05289 (rec 0.05289)  lr 1.00e-03
  ep  26  train 0.03909 (rec 0.03909 late 14.56986 reg 272.39502)  val 0.05019 (rec 0.05019)  lr 1.00e-03  *best*
  ep  27  train 0.03786 (rec 0.03786 late 14.00749 reg 269.42660)  val 0.04885 (rec 0.04885)  lr 1.00e-03  *best*
  ep  30  train 0.03529 (rec 0.03529 late 13.78790 reg 268.80228)  val 0.04744 (rec 0.04744)  lr 1.00e-03  *best*
  ep  31  train 0.03556 (rec 0.03556 late 13.92045 reg 269.54790)  val 0.04679 (rec 0.04679)  lr 1.00e-03  *best*
  ep  33  train 0.03444 (rec 0.03444 late 13.37754 reg 262.32781)  val 0.04539 (rec 0.04539)  lr 1.00e-03  *best*
  ep  34  train 0.03389 (rec 0.03389 late 13.18290 reg 263.54434)  val 0.04436 (rec 0.04436)  lr 1.00e-03  *best*
  ep  35  train 0.03321 (rec 0.03321 late 12.94538 reg 261.58178)  val 0.04329 (rec 0.04329)  lr 1.00e-03  *best*
  ep  40  train 0.03034 (rec 0.03034 late 12.47534 reg 258.17238)  val 0.04141 (rec 0.04141)  lr 1.00e-03  *best*
  ep  42  train 0.02992 (rec 0.02992 late 11.95865 reg 256.55062)  val 0.04093 (rec 0.04093)  lr 1.00e-03  *best*
  ep  45  train 0.02845 (rec 0.02845 late 11.79177 reg 253.67289)  val 0.04157 (rec 0.04157)  lr 1.00e-03
  ep  46  train 0.02755 (rec 0.02755 late 11.69636 reg 253.69116)  val 0.03949 (rec 0.03949)  lr 1.00e-03  *best*
  ep  50  train 0.02632 (rec 0.02632 late 11.22386 reg 251.61048)  val 0.03923 (rec 0.03923)  lr 1.00e-03  *best*
  ep  53  train 0.02567 (rec 0.02567 late 10.76140 reg 249.90097)  val 0.03894 (rec 0.03894)  lr 1.00e-03  *best*
  ep  54  train 0.02542 (rec 0.02542 late 10.76215 reg 247.33680)  val 0.03601 (rec 0.03601)  lr 1.00e-03  *best*
  ep  55  train 0.02507 (rec 0.02507 late 10.67224 reg 248.06756)  val 0.04029 (rec 0.04029)  lr 1.00e-03
  ep  59  train 0.02351 (rec 0.02351 late 10.45246 reg 247.57883)  val 0.03538 (rec 0.03538)  lr 1.00e-03  *best*
  ep  60  train 0.02403 (rec 0.02403 late 10.26192 reg 246.43318)  val 0.03836 (rec 0.03836)  lr 1.00e-03
  ep  65  train 0.02426 (rec 0.02426 late 9.77838 reg 241.28756)  val 0.04100 (rec 0.04100)  lr 1.00e-03
  ep  66  train 0.02164 (rec 0.02164 late 9.93198 reg 242.43483)  val 0.03401 (rec 0.03401)  lr 5.00e-04  *best*
  ep  70  train 0.02067 (rec 0.02067 late 9.93335 reg 245.43889)  val 0.03405 (rec 0.03405)  lr 5.00e-04
  ep  71  train 0.02021 (rec 0.02021 late 9.97962 reg 245.52845)  val 0.03395 (rec 0.03395)  lr 5.00e-04  *best*
  ep  75  train 0.02015 (rec 0.02015 late 9.96469 reg 247.64207)  val 0.03473 (rec 0.03473)  lr 5.00e-04
  ep  78  train 0.01905 (rec 0.01905 late 10.04966 reg 247.31727)  val 0.03371 (rec 0.03371)  lr 2.50e-04  *best*
  ep  80  train 0.01863 (rec 0.01863 late 10.05057 reg 248.75864)  val 0.03434 (rec 0.03434)  lr 2.50e-04
  ep  82  train 0.01827 (rec 0.01827 late 10.01386 reg 249.31408)  val 0.03335 (rec 0.03335)  lr 2.50e-04  *best*
  ep  85  train 0.01822 (rec 0.01822 late 10.10021 reg 250.53076)  val 0.03359 (rec 0.03359)  lr 2.50e-04
  ep  89  train 0.01773 (rec 0.01773 late 10.15827 reg 251.48066)  val 0.03291 (rec 0.03291)  lr 1.25e-04  *best*
  ep  90  train 0.01747 (rec 0.01747 late 10.17107 reg 251.54771)  val 0.03375 (rec 0.03375)  lr 1.25e-04
  ep  91  train 0.01753 (rec 0.01753 late 10.16905 reg 252.03924)  val 0.03264 (rec 0.03264)  lr 1.25e-04  *best*
  ep  95  train 0.01748 (rec 0.01748 late 10.13744 reg 252.87473)  val 0.03334 (rec 0.03334)  lr 1.25e-04
  ep 100  train 0.01707 (rec 0.01707 late 10.20420 reg 253.78520)  val 0.03360 (rec 0.03360)  lr 6.25e-05
  ep 105  train 0.01689 (rec 0.01689 late 10.20803 reg 254.42818)  val 0.03339 (rec 0.03339)  lr 3.13e-05
  ep 110  train 0.01680 (rec 0.01680 late 10.24513 reg 254.76276)  val 0.03313 (rec 0.03313)  lr 1.56e-05
  验证损失连续 20 个 epoch 未改善，早停于 ep111
[train] 完成：111 个 epoch，1115.4s，最优 val loss=0.032638 @ ep91
[train] 日志 .\outputs\runs\ours_shared_latent\history.csv，checkpoint .\outputs\runs\ours_shared_latent

--- 潜变量诊断 shared_latent（train+test1 完整生命周期） ---
  样本 34618 窗口，8 单体
  互相关矩阵 corr(a_c, r_c')（行=潜槽位单体，列=内阻单体）:
          r    1  r    2  r    3  r    4  r    5  r    6  r    7  r    8
     a 1  +0.044 +0.053 +0.043 +0.054 +0.050 +0.042 +0.065 -0.014
     a 2  +0.044 +0.053 +0.043 +0.054 +0.050 +0.042 +0.065 -0.014
     a 3  +0.044 +0.053 +0.043 +0.054 +0.050 +0.042 +0.065 -0.014
     a 4  +0.044 +0.053 +0.043 +0.054 +0.050 +0.042 +0.065 -0.014
     a 5  +0.044 +0.053 +0.043 +0.054 +0.050 +0.042 +0.065 -0.014
     a 6  +0.044 +0.053 +0.043 +0.054 +0.050 +0.042 +0.065 -0.014
     a 7  +0.044 +0.053 +0.043 +0.054 +0.050 +0.042 +0.065 -0.014
     a 8  +0.044 +0.053 +0.043 +0.054 +0.050 +0.042 +0.065 -0.014
  对角均值 +0.0422  非对角均值 +0.0422  对角优势 +0.0000
  单体间差异捕获度：均值 +nan  （逐单体 [None, None, None, None, None, None, None, None]）
  SOC 对齐：corr +0.1428

==============================================================================
配置：shared_latent_late   {'cell_resolved': False, 'lambda2': 0.1, 'lambda3': 0.0}
==============================================================================
[train] 切分（按 ID 的时间顺序，val 取时间尾部）：
    ID=  6  共   9127  训练   7758  验证  1369
    ID=  8  共  11147  训练   9475  验证  1672
    ID=  9  共   5093  训练   4329  验证   764
    ID= 10  共   1141  训练    970  验证   171
[train] 模型：CellResolvedAE，可训练参数 198,114  设备 cuda
[train] 标准化统计量已拟合（仅用训练集）：输入 (22532, 20, 256)，电压 (22532, 8, 256)，电流通道 idx=1
[train] 物理目标标准化已拟合（仅训练集）：内阻 median=[0.4074999988079071, 0.42590001225471497, 0.4472000002861023, 0.4083000123500824, 0.4390999972820282, 0.44920000433921814, 0.44200000166893005, 0.46129998564720154] scale=[0.11840000003576279, 0.11089999973773956, 0.11789999902248383, 0.09939999878406525, 0.10080000013113022, 0.09179999679327011, 0.11180000007152557, 0.1143999993801117] SOC median=0.9049 scale=0.0817
  ep   1  train 0.49892 (rec 0.33723 late 1.61692 reg 36.65201)  val 0.36941 (rec 0.21560)  lr 1.00e-03  *best*
  ep   2  train 0.27002 (rec 0.16215 late 1.07868 reg 134.54588)  val 0.28460 (rec 0.16086)  lr 1.00e-03  *best*
  ep   3  train 0.23699 (rec 0.13889 late 0.98099 reg 182.92203)  val 0.26729 (rec 0.15354)  lr 1.00e-03  *best*
  ep   5  train 0.20704 (rec 0.11822 late 0.88820 reg 224.25193)  val 0.24379 (rec 0.13481)  lr 1.00e-03  *best*
  ep   6  train 0.19318 (rec 0.10806 late 0.85123 reg 235.03531)  val 0.23439 (rec 0.11685)  lr 1.00e-03  *best*
  ep   7  train 0.18344 (rec 0.10012 late 0.83314 reg 245.89688)  val 0.22716 (rec 0.11746)  lr 1.00e-03  *best*
  ep   8  train 0.17561 (rec 0.09529 late 0.80327 reg 241.98878)  val 0.20543 (rec 0.10798)  lr 1.00e-03  *best*
  ep   9  train 0.16711 (rec 0.08874 late 0.78363 reg 246.63842)  val 0.20082 (rec 0.10603)  lr 1.00e-03  *best*
  ep  10  train 0.16047 (rec 0.08299 late 0.77483 reg 240.62973)  val 0.19273 (rec 0.09947)  lr 1.00e-03  *best*
  ep  11  train 0.15583 (rec 0.08018 late 0.75654 reg 232.89571)  val 0.18369 (rec 0.08815)  lr 1.00e-03  *best*
  ep  12  train 0.14499 (rec 0.07035 late 0.74642 reg 240.44244)  val 0.17460 (rec 0.08400)  lr 1.00e-03  *best*
  ep  13  train 0.14164 (rec 0.06772 late 0.73925 reg 238.08574)  val 0.17350 (rec 0.07776)  lr 1.00e-03  *best*
  ep  15  train 0.13188 (rec 0.06064 late 0.71242 reg 230.27612)  val 0.16266 (rec 0.07295)  lr 1.00e-03  *best*
  ep  16  train 0.12721 (rec 0.05733 late 0.69884 reg 235.15617)  val 0.15400 (rec 0.06517)  lr 1.00e-03  *best*
  ep  17  train 0.12592 (rec 0.05672 late 0.69203 reg 233.11127)  val 0.15283 (rec 0.06759)  lr 1.00e-03  *best*
  ep  19  train 0.11877 (rec 0.05117 late 0.67601 reg 233.47896)  val 0.15096 (rec 0.06302)  lr 1.00e-03  *best*
  ep  20  train 0.11784 (rec 0.05033 late 0.67519 reg 235.44976)  val 0.14565 (rec 0.06126)  lr 1.00e-03  *best*
  ep  21  train 0.11600 (rec 0.04860 late 0.67394 reg 231.12337)  val 0.14239 (rec 0.05740)  lr 1.00e-03  *best*
  ep  24  train 0.10905 (rec 0.04546 late 0.63587 reg 236.60545)  val 0.14011 (rec 0.05383)  lr 1.00e-03  *best*
  ep  25  train 0.10705 (rec 0.04367 late 0.63381 reg 236.97367)  val 0.16247 (rec 0.05843)  lr 1.00e-03
  ep  28  train 0.10448 (rec 0.04124 late 0.63233 reg 238.79853)  val 0.13246 (rec 0.05352)  lr 1.00e-03  *best*
  ep  30  train 0.10237 (rec 0.04107 late 0.61302 reg 238.60368)  val 0.14140 (rec 0.05602)  lr 1.00e-03
  ep  34  train 0.09735 (rec 0.03721 late 0.60146 reg 238.23271)  val 0.12564 (rec 0.04901)  lr 1.00e-03  *best*
  ep  35  train 0.09630 (rec 0.03763 late 0.58669 reg 239.53071)  val 0.13694 (rec 0.05261)  lr 1.00e-03
  ep  40  train 0.09113 (rec 0.03475 late 0.56378 reg 237.81094)  val 0.12486 (rec 0.04606)  lr 1.00e-03  *best*
  ep  42  train 0.09046 (rec 0.03313 late 0.57330 reg 237.47619)  val 0.12001 (rec 0.04731)  lr 1.00e-03  *best*
  ep  45  train 0.08814 (rec 0.03273 late 0.55416 reg 238.06562)  val 0.12345 (rec 0.04498)  lr 1.00e-03
  ep  49  train 0.08035 (rec 0.02834 late 0.52011 reg 234.96090)  val 0.11372 (rec 0.04122)  lr 5.00e-04  *best*
  ep  50  train 0.07914 (rec 0.02730 late 0.51845 reg 237.25576)  val 0.11552 (rec 0.04100)  lr 5.00e-04
  ep  52  train 0.07810 (rec 0.02709 late 0.51019 reg 239.12598)  val 0.11123 (rec 0.04075)  lr 5.00e-04  *best*
  ep  55  train 0.07786 (rec 0.02692 late 0.50931 reg 239.66150)  val 0.11954 (rec 0.04349)  lr 5.00e-04
  ep  58  train 0.07636 (rec 0.02600 late 0.50367 reg 240.59309)  val 0.11005 (rec 0.03902)  lr 5.00e-04  *best*
  ep  60  train 0.07748 (rec 0.02622 late 0.51263 reg 240.49471)  val 0.11433 (rec 0.04006)  lr 5.00e-04
  ep  65  train 0.07257 (rec 0.02418 late 0.48394 reg 240.23920)  val 0.10843 (rec 0.03855)  lr 2.50e-04  *best*
  ep  66  train 0.07204 (rec 0.02369 late 0.48347 reg 241.86235)  val 0.10699 (rec 0.03839)  lr 2.50e-04  *best*
  ep  70  train 0.07170 (rec 0.02391 late 0.47794 reg 244.05262)  val 0.10749 (rec 0.03832)  lr 2.50e-04
  ep  75  train 0.06939 (rec 0.02241 late 0.46979 reg 246.21084)  val 0.10825 (rec 0.03808)  lr 1.25e-04
  ep  79  train 0.06852 (rec 0.02195 late 0.46566 reg 247.07117)  val 0.10694 (rec 0.03783)  lr 6.25e-05  *best*
  ep  80  train 0.06844 (rec 0.02189 late 0.46553 reg 247.03248)  val 0.10722 (rec 0.03768)  lr 6.25e-05
  ep  81  train 0.06837 (rec 0.02183 late 0.46538 reg 247.40581)  val 0.10681 (rec 0.03756)  lr 6.25e-05  *best*
  ep  84  train 0.06808 (rec 0.02171 late 0.46371 reg 247.48282)  val 0.10659 (rec 0.03816)  lr 6.25e-05  *best*
  ep  85  train 0.06823 (rec 0.02178 late 0.46452 reg 247.89403)  val 0.10667 (rec 0.03799)  lr 6.25e-05
  ep  86  train 0.06832 (rec 0.02191 late 0.46419 reg 248.18161)  val 0.10590 (rec 0.03808)  lr 6.25e-05  *best*
  ep  90  train 0.06792 (rec 0.02161 late 0.46310 reg 248.53561)  val 0.10739 (rec 0.03822)  lr 6.25e-05
  ep  92  train 0.06780 (rec 0.02162 late 0.46174 reg 249.28836)  val 0.10582 (rec 0.03743)  lr 6.25e-05  *best*
  ep  93  train 0.06781 (rec 0.02162 late 0.46185 reg 249.14651)  val 0.10555 (rec 0.03764)  lr 6.25e-05  *best*
  ep  94  train 0.06779 (rec 0.02153 late 0.46264 reg 249.21951)  val 0.10480 (rec 0.03732)  lr 6.25e-05  *best*
  ep  95  train 0.06774 (rec 0.02153 late 0.46206 reg 249.30848)  val 0.10627 (rec 0.03806)  lr 6.25e-05
  ep 100  train 0.06757 (rec 0.02143 late 0.46134 reg 249.92738)  val 0.10626 (rec 0.03785)  lr 6.25e-05
  ep 105  train 0.06690 (rec 0.02111 late 0.45798 reg 250.54845)  val 0.10577 (rec 0.03786)  lr 3.13e-05
  ep 110  train 0.06656 (rec 0.02096 late 0.45598 reg 250.86804)  val 0.10445 (rec 0.03723)  lr 1.56e-05  *best*
  ep 115  train 0.06651 (rec 0.02094 late 0.45564 reg 251.04041)  val 0.10475 (rec 0.03714)  lr 1.56e-05
  ep 120  train 0.06632 (rec 0.02086 late 0.45468 reg 251.16990)  val 0.10478 (rec 0.03740)  lr 7.81e-06
  ep 125  train 0.06624 (rec 0.02080 late 0.45444 reg 251.36710)  val 0.10516 (rec 0.03747)  lr 3.91e-06
  ep 130  train 0.06620 (rec 0.02079 late 0.45413 reg 251.38564)  val 0.10490 (rec 0.03736)  lr 1.95e-06
  验证损失连续 20 个 epoch 未改善，早停于 ep130
[train] 完成：130 个 epoch，1307.5s，最优 val loss=0.104453 @ ep110
[train] 日志 .\outputs\runs\ours_shared_latent_late\history.csv，checkpoint .\outputs\runs\ours_shared_latent_late

--- 潜变量诊断 shared_latent_late（train+test1 完整生命周期） ---
  样本 34618 窗口，8 单体
  互相关矩阵 corr(a_c, r_c')（行=潜槽位单体，列=内阻单体）:
          r    1  r    2  r    3  r    4  r    5  r    6  r    7  r    8
     a 1  +0.718 +0.617 +0.446 +0.567 +0.483 +0.423 +0.563 +0.573
     a 2  +0.718 +0.617 +0.446 +0.567 +0.483 +0.423 +0.563 +0.573
     a 3  +0.718 +0.617 +0.446 +0.567 +0.483 +0.423 +0.563 +0.573
     a 4  +0.718 +0.617 +0.446 +0.567 +0.483 +0.423 +0.563 +0.573
     a 5  +0.718 +0.617 +0.446 +0.567 +0.483 +0.423 +0.563 +0.573
     a 6  +0.718 +0.617 +0.446 +0.567 +0.483 +0.423 +0.563 +0.573
     a 7  +0.718 +0.617 +0.446 +0.567 +0.483 +0.423 +0.563 +0.573
     a 8  +0.718 +0.617 +0.446 +0.567 +0.483 +0.423 +0.563 +0.573
  对角均值 +0.5489  非对角均值 +0.5489  对角优势 +0.0000
  单体间差异捕获度：均值 +nan  （逐单体 [None, None, None, None, None, None, None, None]）
  SOC 对齐：corr +0.8729

==============================================================================
消融汇总（潜变量诊断在 train+test1 完整生命周期上）
==============================================================================
                    配置     单体分辨     λ2       λ3       对角优势       差异捕获     SOC对齐
         no_late_no_kl     True    0.0      0.0    -0.0477    -0.4011   +0.2831
                 no_kl     True    0.1      0.0    +0.1728    +0.7019   +0.9077
               no_late     True    0.0    0.001    -0.1015    -0.5286   -0.0469
                  full     True    0.1    0.001    +0.1843    +0.7499   +0.8255
         shared_latent    False    0.0      0.0    +0.0000       +nan   +0.1428
    shared_latent_late    False    0.1      0.0    +0.0000       +nan   +0.8729

表：.\outputs\tables\ablation_latent_diag.csv
