==============================================================================
P5 检测：模型 lfaae  tag=lfaae  LOF=train_novelty  标准化=True  设备=cuda
==============================================================================
[recon] 命中缓存 .\outputs\runs\lfaae\recon\StandTrainData
[recon] 命中缓存 .\outputs\runs\lfaae\recon\StandTestData1
[recon] 命中缓存 .\outputs\runs\lfaae\recon\StandTestData2
[recon] 命中缓存 .\outputs\runs\lfaae\recon\StandTestData3

--- LOF（仅用训练集特征拟合）---
  训练特征 (26508, 24)，标准化=开
  训练集分数：median=1.0580  0.99 分位=1.6221  max=12.4596
  工况协变量（已排除 SOC）：['mean_abs_i', 'std_i', 'p95_abs_i', 'disch_frac', 'mean_v', 'std_v', 'range_v', 'mean_t', 'std_t']
  可用于阈值拟合的训练窗口：26508/26508

==============================================================================
阈值方法：fixed
==============================================================================

  [StandTestData1]
    pack  6  n=  1881  报警=   第 115.1 天  起点=   第 212.6 天  提前=   97.5 天  起点前虚警=310
    pack  8  n=  4533  报警=     第 0.8 天  起点=    第 13.7 天  提前=   13.0 天  起点前虚警=57
    pack  9  n=   599  报警=     第 8.2 天  起点=     第 3.0 天  提前=   -5.1 天  起点前虚警=0
    pack 10  n=  1097  报警=    第 14.7 天  起点=     第 9.9 天  提前=   -4.8 天  起点前虚警=0

  [StandTestData2]
    pack  1  n=  1830  报警=   第 750.1 天  起点=           —  提前=        —  起点前虚警=0  无起点标签（无 Hiddall）
    pack  2  n=   305  报警=     第 3.3 天  起点=           —  提前=        —  起点前虚警=0  无起点标签（无 Hiddall）
    pack  3  n=   565  报警=    第 89.9 天  起点=           —  提前=        —  起点前虚警=0  无起点标签（无 Hiddall）
    pack  4  n= 15487  报警=     第 2.8 天  起点=           —  提前=        —  起点前虚警=0  无起点标签（无 Hiddall）
    pack  5  n=  2826  报警=     第 5.3 天  起点=           —  提前=        —  起点前虚警=0  无起点标签（无 Hiddall）

  [StandTestData3]
    pack 17  n=  2618  报警=     第 0.1 天  起点=           —  提前=        —  起点前虚警=0  无起点标签（无 Hiddall）
    pack 18  n= 10996  报警=     第 0.1 天  起点=           —  提前=        —  起点前虚警=0  无起点标签（无 Hiddall）
    pack 19  n=  4276  报警=    第 14.0 天  起点=           —  提前=        —  起点前虚警=0  无起点标签（无 Hiddall）
    pack 20  n=  3870  报警=    第 31.0 天  起点=           —  提前=        —  起点前虚警=0  无起点标签（无 Hiddall）
    pack 21  n= 18333  报警=     第 0.1 天  起点=           —  提前=        —  起点前虚警=0  无起点标签（无 Hiddall）

==============================================================================
阈值方法：quantile_regression
==============================================================================
  已拟合

  [StandTestData1]
    pack  6  n=  1881  报警=    第 84.1 天  起点=   第 212.6 天  提前=  128.4 天  起点前虚警=429
    pack  8  n=  4533  报警=     第 0.8 天  起点=    第 13.7 天  提前=   13.0 天  起点前虚警=68
    pack  9  n=   599  报警=     第 8.2 天  起点=     第 3.0 天  提前=   -5.1 天  起点前虚警=0
    pack 10  n=  1097  报警=    第 14.7 天  起点=     第 9.9 天  提前=   -4.8 天  起点前虚警=0

  [StandTestData2]
    pack  1  n=  1830  报警=   第 750.1 天  起点=           —  提前=        —  起点前虚警=0  无起点标签（无 Hiddall）
    pack  2  n=   305  报警=     第 0.1 天  起点=           —  提前=        —  起点前虚警=0  无起点标签（无 Hiddall）
    pack  3  n=   565  报警=    第 89.9 天  起点=           —  提前=        —  起点前虚警=0  无起点标签（无 Hiddall）
    pack  4  n= 15487  报警=     第 2.8 天  起点=           —  提前=        —  起点前虚警=0  无起点标签（无 Hiddall）
    pack  5  n=  2826  报警=     第 5.3 天  起点=           —  提前=        —  起点前虚警=0  无起点标签（无 Hiddall）

  [StandTestData3]
    pack 17  n=  2618  报警=     第 0.1 天  起点=           —  提前=        —  起点前虚警=0  无起点标签（无 Hiddall）
    pack 18  n= 10996  报警=     第 0.1 天  起点=           —  提前=        —  起点前虚警=0  无起点标签（无 Hiddall）
    pack 19  n=  4276  报警=    第 14.0 天  起点=           —  提前=        —  起点前虚警=0  无起点标签（无 Hiddall）
    pack 20  n=  3870  报警=    第 40.0 天  起点=           —  提前=        —  起点前虚警=0  无起点标签（无 Hiddall）
    pack 21  n= 18333  报警=     第 0.1 天  起点=           —  提前=        —  起点前虚警=0  无起点标签（无 Hiddall）

==============================================================================
阈值方法：binned_quantile
==============================================================================
  已拟合（选用工况维 8）

  [StandTestData1]
    pack  6  n=  1881  报警=   第 115.1 天  起点=   第 212.6 天  提前=   97.5 天  起点前虚警=327
    pack  8  n=  4533  报警=     第 0.8 天  起点=    第 13.7 天  提前=   13.0 天  起点前虚警=63
    pack  9  n=   599  报警=     第 8.2 天  起点=     第 3.0 天  提前=   -5.1 天  起点前虚警=0
    pack 10  n=  1097  报警=    第 14.7 天  起点=     第 9.9 天  提前=   -4.8 天  起点前虚警=0

  [StandTestData2]
    pack  1  n=  1830  报警=   第 750.1 天  起点=           —  提前=        —  起点前虚警=0  无起点标签（无 Hiddall）
    pack  2  n=   305  报警=     第 0.1 天  起点=           —  提前=        —  起点前虚警=0  无起点标签（无 Hiddall）
    pack  3  n=   565  报警=    第 89.9 天  起点=           —  提前=        —  起点前虚警=0  无起点标签（无 Hiddall）
    pack  4  n= 15487  报警=     第 2.8 天  起点=           —  提前=        —  起点前虚警=0  无起点标签（无 Hiddall）
    pack  5  n=  2826  报警=     第 5.3 天  起点=           —  提前=        —  起点前虚警=0  无起点标签（无 Hiddall）

  [StandTestData3]
    pack 17  n=  2618  报警=     第 0.1 天  起点=           —  提前=        —  起点前虚警=0  无起点标签（无 Hiddall）
    pack 18  n= 10996  报警=     第 0.1 天  起点=           —  提前=        —  起点前虚警=0  无起点标签（无 Hiddall）
    pack 19  n=  4276  报警=    第 14.0 天  起点=           —  提前=        —  起点前虚警=0  无起点标签（无 Hiddall）
    pack 20  n=  3870  报警=    第 27.3 天  起点=           —  提前=        —  起点前虚警=0  无起点标签（无 Hiddall）
    pack 21  n= 18333  报警=     第 0.1 天  起点=           —  提前=        —  起点前虚警=0  无起点标签（无 Hiddall）

==============================================================================
阈值方法：pack_baseline
==============================================================================
  逐包自身基线标准化：参照段比例 10%，训练集 4 个包的 z 分数 0.99 分位 = 4.8407
  训练集 z 分数：median=-0.4269  max=60.4898

  [StandTestData1]
    pack  6  n=  1881  报警=   第 115.1 天  起点=   第 212.6 天  提前=   97.4 天  起点前虚警=240
    pack  8  n=  4533  报警=   第 154.8 天  起点=    第 13.7 天  提前= -141.1 天  起点前虚警=0
    pack  9  n=   599  报警=    第 12.1 天  起点=     第 3.0 天  提前=   -9.1 天  起点前虚警=0
    pack 10  n=  1097  报警=    第 30.0 天  起点=     第 9.9 天  提前=  -20.1 天  起点前虚警=0

  [StandTestData2]
    pack  1  n=  1830  报警=  第 1002.5 天  起点=           —  提前=        —  起点前虚警=0  无起点标签（无 Hiddall）
    pack  2  n=   305  报警=           无  起点=           —  提前=        —  起点前虚警=0  无起点标签（无 Hiddall）
    pack  3  n=   565  报警=    第 96.9 天  起点=           —  提前=        —  起点前虚警=0  无起点标签（无 Hiddall）
    pack  4  n= 15487  报警=     第 3.0 天  起点=           —  提前=        —  起点前虚警=0  无起点标签（无 Hiddall）
    pack  5  n=  2826  报警=   第 258.4 天  起点=           —  提前=        —  起点前虚警=0  无起点标签（无 Hiddall）

  [StandTestData3]
    pack 17  n=  2618  报警=   第 121.8 天  起点=           —  提前=        —  起点前虚警=0  无起点标签（无 Hiddall）
    pack 18  n= 10996  报警=   第 125.7 天  起点=           —  提前=        —  起点前虚警=0  无起点标签（无 Hiddall）
    pack 19  n=  4276  报警=   第 287.1 天  起点=           —  提前=        —  起点前虚警=0  无起点标签（无 Hiddall）
    pack 20  n=  3870  报警=   第 218.0 天  起点=           —  提前=        —  起点前虚警=0  无起点标签（无 Hiddall）
    pack 21  n= 18333  报警=           无  起点=           —  提前=        —  起点前虚警=0  无起点标签（无 Hiddall）

==============================================================================
检测表：.\outputs\tables\detection_lfaae_train_novelty_fixed-quantile_regression-binned_quantile-pack_baseline.csv（56 行）
==============================================================================
