########## ours_full ##########
==============================================================================
P5 检测：模型 ours  tag=ours_full  LOF=train_novelty  标准化=True  设备=cuda
==============================================================================
[recon] 已缓存 .\outputs\runs\ours_full\recon\StandTrainData（(26508, 8, 256)）
[metric] StandTrainData: 指标 (26508, 24) 已缓存
[recon] 已缓存 .\outputs\runs\ours_full\recon\StandTestData1（(8110, 8, 256)）
[metric] StandTestData1: 指标 (8110, 24) 已缓存
[recon] 已缓存 .\outputs\runs\ours_full\recon\StandTestData2（(21013, 8, 256)）
[metric] StandTestData2: 指标 (21013, 24) 已缓存
[recon] 已缓存 .\outputs\runs\ours_full\recon\StandTestData3（(40093, 8, 256)）
[metric] StandTestData3: 指标 (40093, 24) 已缓存

--- LOF（仅用训练集特征拟合）---
  训练特征 (26508, 24)，标准化=开
  训练集分数：median=1.0538  0.99 分位=1.5233  max=10.1067
  工况协变量（已排除 SOC）：['mean_abs_i', 'std_i', 'p95_abs_i', 'disch_frac', 'mean_v', 'std_v', 'range_v', 'mean_t', 'std_t']
  可用于阈值拟合的训练窗口：26508/26508

==============================================================================
阈值方法：fixed
==============================================================================

  [StandTestData1]
    pack  6  n=  1881  报警=   第 158.5 天  起点=   第 212.6 天  提前=   54.0 天  起点前虚警=102
    pack  8  n=  4533  报警=     第 0.7 天  起点=    第 13.7 天  提前=   13.0 天  起点前虚警=84
    pack  9  n=   599  报警=     第 4.6 天  起点=     第 3.0 天  提前=   -1.5 天  起点前虚警=0
    pack 10  n=  1097  报警=    第 26.2 天  起点=     第 9.9 天  提前=  -16.4 天  起点前虚警=0

  [StandTestData2]
    pack  1  n=  1830  报警=   第 750.1 天  起点=           —  提前=        —  起点前虚警=0  无起点标签（无 Hiddall）
    pack  2  n=   305  报警=   第 334.0 天  起点=           —  提前=        —  起点前虚警=0  无起点标签（无 Hiddall）
    pack  3  n=   565  报警=    第 96.8 天  起点=           —  提前=        —  起点前虚警=0  无起点标签（无 Hiddall）
    pack  4  n= 15487  报警=     第 2.8 天  起点=           —  提前=        —  起点前虚警=0  无起点标签（无 Hiddall）
    pack  5  n=  2826  报警=    第 98.4 天  起点=           —  提前=        —  起点前虚警=0  无起点标签（无 Hiddall）

  [StandTestData3]
    pack 17  n=  2618  报警=     第 0.7 天  起点=           —  提前=        —  起点前虚警=0  无起点标签（无 Hiddall）
    pack 18  n= 10996  报警=    第 42.8 天  起点=           —  提前=        —  起点前虚警=0  无起点标签（无 Hiddall）
    pack 19  n=  4276  报警=    第 59.9 天  起点=           —  提前=        —  起点前虚警=0  无起点标签（无 Hiddall）
    pack 20  n=  3870  报警=    第 59.9 天  起点=           —  提前=        —  起点前虚警=0  无起点标签（无 Hiddall）
    pack 21  n= 18333  报警=     第 0.1 天  起点=           —  提前=        —  起点前虚警=0  无起点标签（无 Hiddall）

==============================================================================
阈值方法：quantile_regression
==============================================================================
  已拟合

  [StandTestData1]
    pack  6  n=  1881  报警=   第 155.6 天  起点=   第 212.6 天  提前=   57.0 天  起点前虚警=152
    pack  8  n=  4533  报警=     第 0.7 天  起点=    第 13.7 天  提前=   13.0 天  起点前虚警=81
    pack  9  n=   599  报警=     第 4.5 天  起点=     第 3.0 天  提前=   -1.5 天  起点前虚警=0
    pack 10  n=  1097  报警=    第 26.2 天  起点=     第 9.9 天  提前=  -16.4 天  起点前虚警=0

  [StandTestData2]
    pack  1  n=  1830  报警=   第 750.1 天  起点=           —  提前=        —  起点前虚警=0  无起点标签（无 Hiddall）
    pack  2  n=   305  报警=   第 334.0 天  起点=           —  提前=        —  起点前虚警=0  无起点标签（无 Hiddall）
    pack  3  n=   565  报警=    第 97.0 天  起点=           —  提前=        —  起点前虚警=0  无起点标签（无 Hiddall）
    pack  4  n= 15487  报警=     第 2.8 天  起点=           —  提前=        —  起点前虚警=0  无起点标签（无 Hiddall）
    pack  5  n=  2826  报警=   第 405.7 天  起点=           —  提前=        —  起点前虚警=0  无起点标签（无 Hiddall）

  [StandTestData3]
    pack 17  n=  2618  报警=     第 0.7 天  起点=           —  提前=        —  起点前虚警=0  无起点标签（无 Hiddall）
    pack 18  n= 10996  报警=    第 42.8 天  起点=           —  提前=        —  起点前虚警=0  无起点标签（无 Hiddall）
    pack 19  n=  4276  报警=    第 59.9 天  起点=           —  提前=        —  起点前虚警=0  无起点标签（无 Hiddall）
    pack 20  n=  3870  报警=    第 44.3 天  起点=           —  提前=        —  起点前虚警=0  无起点标签（无 Hiddall）
    pack 21  n= 18333  报警=     第 0.1 天  起点=           —  提前=        —  起点前虚警=0  无起点标签（无 Hiddall）

==============================================================================
阈值方法：binned_quantile
==============================================================================
  已拟合（选用工况维 8）

  [StandTestData1]
    pack  6  n=  1881  报警=   第 158.5 天  起点=   第 212.6 天  提前=   54.0 天  起点前虚警=96
    pack  8  n=  4533  报警=     第 0.7 天  起点=    第 13.7 天  提前=   13.0 天  起点前虚警=77
    pack  9  n=   599  报警=     第 4.6 天  起点=     第 3.0 天  提前=   -1.5 天  起点前虚警=0
    pack 10  n=  1097  报警=    第 26.2 天  起点=     第 9.9 天  提前=  -16.4 天  起点前虚警=0

  [StandTestData2]
    pack  1  n=  1830  报警=   第 750.1 天  起点=           —  提前=        —  起点前虚警=0  无起点标签（无 Hiddall）
    pack  2  n=   305  报警=   第 334.0 天  起点=           —  提前=        —  起点前虚警=0  无起点标签（无 Hiddall）
    pack  3  n=   565  报警=    第 96.8 天  起点=           —  提前=        —  起点前虚警=0  无起点标签（无 Hiddall）
    pack  4  n= 15487  报警=     第 2.8 天  起点=           —  提前=        —  起点前虚警=0  无起点标签（无 Hiddall）
    pack  5  n=  2826  报警=    第 98.4 天  起点=           —  提前=        —  起点前虚警=0  无起点标签（无 Hiddall）

  [StandTestData3]
    pack 17  n=  2618  报警=     第 0.7 天  起点=           —  提前=        —  起点前虚警=0  无起点标签（无 Hiddall）
    pack 18  n= 10996  报警=    第 42.8 天  起点=           —  提前=        —  起点前虚警=0  无起点标签（无 Hiddall）
    pack 19  n=  4276  报警=    第 59.9 天  起点=           —  提前=        —  起点前虚警=0  无起点标签（无 Hiddall）
    pack 20  n=  3870  报警=    第 59.9 天  起点=           —  提前=        —  起点前虚警=0  无起点标签（无 Hiddall）
    pack 21  n= 18333  报警=     第 0.1 天  起点=           —  提前=        —  起点前虚警=0  无起点标签（无 Hiddall）

==============================================================================
阈值方法：pack_baseline
==============================================================================
  逐包自身基线标准化：参照段比例 10%，训练集 4 个包的 z 分数 0.99 分位 = 2.7004
  训练集 z 分数：median=-0.1402  max=65.8907

  [StandTestData1]
    pack  6  n=  1881  报警=   第 158.5 天  起点=   第 212.6 天  提前=   54.0 天  起点前虚警=102
    pack  8  n=  4533  报警=   第 207.8 天  起点=    第 13.7 天  提前= -194.0 天  起点前虚警=0
    pack  9  n=   599  报警=    第 12.5 天  起点=     第 3.0 天  提前=   -9.5 天  起点前虚警=0
    pack 10  n=  1097  报警=    第 31.4 天  起点=     第 9.9 天  提前=  -21.5 天  起点前虚警=0

  [StandTestData2]
    pack  1  n=  1830  报警=   第 869.0 天  起点=           —  提前=        —  起点前虚警=0  无起点标签（无 Hiddall）
    pack  2  n=   305  报警=   第 334.0 天  起点=           —  提前=        —  起点前虚警=0  无起点标签（无 Hiddall）
    pack  3  n=   565  报警=    第 96.9 天  起点=           —  提前=        —  起点前虚警=0  无起点标签（无 Hiddall）
    pack  4  n= 15487  报警=   第 361.5 天  起点=           —  提前=        —  起点前虚警=0  无起点标签（无 Hiddall）
    pack  5  n=  2826  报警=   第 589.7 天  起点=           —  提前=        —  起点前虚警=0  无起点标签（无 Hiddall）

  [StandTestData3]
    pack 17  n=  2618  报警=   第 146.0 天  起点=           —  提前=        —  起点前虚警=0  无起点标签（无 Hiddall）
    pack 18  n= 10996  报警=   第 125.4 天  起点=           —  提前=        —  起点前虚警=0  无起点标签（无 Hiddall）
    pack 19  n=  4276  报警=           无  起点=           —  提前=        —  起点前虚警=0  无起点标签（无 Hiddall）
    pack 20  n=  3870  报警=    第 59.9 天  起点=           —  提前=        —  起点前虚警=0  无起点标签（无 Hiddall）
    pack 21  n= 18333  报警=   第 267.6 天  起点=           —  提前=        —  起点前虚警=0  无起点标签（无 Hiddall）

==============================================================================
检测表：.\outputs\tables\detection_ours_full_train_novelty_fixed-quantile_regression-binned_quantile-pack_baseline.csv（56 行）
==============================================================================
########## ours_full rc=0 ##########
########## ours_no_late_no_kl ##########
==============================================================================
P5 检测：模型 ours  tag=ours_no_late_no_kl  LOF=train_novelty  标准化=True  设备=cuda
==============================================================================
[recon] 已缓存 .\outputs\runs\ours_no_late_no_kl\recon\StandTrainData（(26508, 8, 256)）
[metric] StandTrainData: 指标 (26508, 24) 已缓存
[recon] 已缓存 .\outputs\runs\ours_no_late_no_kl\recon\StandTestData1（(8110, 8, 256)）
[metric] StandTestData1: 指标 (8110, 24) 已缓存
[recon] 已缓存 .\outputs\runs\ours_no_late_no_kl\recon\StandTestData2（(21013, 8, 256)）
[metric] StandTestData2: 指标 (21013, 24) 已缓存
[recon] 已缓存 .\outputs\runs\ours_no_late_no_kl\recon\StandTestData3（(40093, 8, 256)）
[metric] StandTestData3: 指标 (40093, 24) 已缓存

--- LOF（仅用训练集特征拟合）---
  训练特征 (26508, 24)，标准化=开
  训练集分数：median=1.0482  0.99 分位=1.4720  max=6.5831
  工况协变量（已排除 SOC）：['mean_abs_i', 'std_i', 'p95_abs_i', 'disch_frac', 'mean_v', 'std_v', 'range_v', 'mean_t', 'std_t']
  可用于阈值拟合的训练窗口：26508/26508

==============================================================================
阈值方法：fixed
==============================================================================

  [StandTestData1]
    pack  6  n=  1881  报警=   第 158.5 天  起点=   第 212.6 天  提前=   54.0 天  起点前虚警=98
    pack  8  n=  4533  报警=     第 0.1 天  起点=    第 13.7 天  提前=   13.7 天  起点前虚警=90
    pack  9  n=   599  报警=     第 9.0 天  起点=     第 3.0 天  提前=   -5.9 天  起点前虚警=0
    pack 10  n=  1097  报警=    第 27.3 天  起点=     第 9.9 天  提前=  -17.4 天  起点前虚警=0

  [StandTestData2]
    pack  1  n=  1830  报警=   第 750.1 天  起点=           —  提前=        —  起点前虚警=0  无起点标签（无 Hiddall）
    pack  2  n=   305  报警=    第 38.5 天  起点=           —  提前=        —  起点前虚警=0  无起点标签（无 Hiddall）
    pack  3  n=   565  报警=    第 96.8 天  起点=           —  提前=        —  起点前虚警=0  无起点标签（无 Hiddall）
    pack  4  n= 15487  报警=     第 1.7 天  起点=           —  提前=        —  起点前虚警=0  无起点标签（无 Hiddall）
    pack  5  n=  2826  报警=    第 22.3 天  起点=           —  提前=        —  起点前虚警=0  无起点标签（无 Hiddall）

  [StandTestData3]
    pack 17  n=  2618  报警=     第 0.1 天  起点=           —  提前=        —  起点前虚警=0  无起点标签（无 Hiddall）
    pack 18  n= 10996  报警=    第 22.0 天  起点=           —  提前=        —  起点前虚警=0  无起点标签（无 Hiddall）
    pack 19  n=  4276  报警=    第 17.8 天  起点=           —  提前=        —  起点前虚警=0  无起点标签（无 Hiddall）
    pack 20  n=  3870  报警=    第 33.1 天  起点=           —  提前=        —  起点前虚警=0  无起点标签（无 Hiddall）
    pack 21  n= 18333  报警=     第 0.1 天  起点=           —  提前=        —  起点前虚警=0  无起点标签（无 Hiddall）

==============================================================================
阈值方法：quantile_regression
==============================================================================
  已拟合

  [StandTestData1]
    pack  6  n=  1881  报警=   第 153.1 天  起点=   第 212.6 天  提前=   59.5 天  起点前虚警=174
    pack  8  n=  4533  报警=     第 0.1 天  起点=    第 13.7 天  提前=   13.7 天  起点前虚警=96
    pack  9  n=   599  报警=     第 4.5 天  起点=     第 3.0 天  提前=   -1.5 天  起点前虚警=0
    pack 10  n=  1097  报警=    第 26.2 天  起点=     第 9.9 天  提前=  -16.3 天  起点前虚警=0

  [StandTestData2]
    pack  1  n=  1830  报警=   第 750.1 天  起点=           —  提前=        —  起点前虚警=0  无起点标签（无 Hiddall）
    pack  2  n=   305  报警=   第 334.0 天  起点=           —  提前=        —  起点前虚警=0  无起点标签（无 Hiddall）
    pack  3  n=   565  报警=    第 72.2 天  起点=           —  提前=        —  起点前虚警=0  无起点标签（无 Hiddall）
    pack  4  n= 15487  报警=     第 1.7 天  起点=           —  提前=        —  起点前虚警=0  无起点标签（无 Hiddall）
    pack  5  n=  2826  报警=    第 12.2 天  起点=           —  提前=        —  起点前虚警=0  无起点标签（无 Hiddall）

  [StandTestData3]
    pack 17  n=  2618  报警=     第 0.1 天  起点=           —  提前=        —  起点前虚警=0  无起点标签（无 Hiddall）
    pack 18  n= 10996  报警=    第 24.9 天  起点=           —  提前=        —  起点前虚警=0  无起点标签（无 Hiddall）
    pack 19  n=  4276  报警=    第 17.8 天  起点=           —  提前=        —  起点前虚警=0  无起点标签（无 Hiddall）
    pack 20  n=  3870  报警=    第 33.1 天  起点=           —  提前=        —  起点前虚警=0  无起点标签（无 Hiddall）
    pack 21  n= 18333  报警=     第 0.1 天  起点=           —  提前=        —  起点前虚警=0  无起点标签（无 Hiddall）

==============================================================================
阈值方法：binned_quantile
==============================================================================
  已拟合（选用工况维 8）

  [StandTestData1]
    pack  6  n=  1881  报警=   第 158.5 天  起点=   第 212.6 天  提前=   54.0 天  起点前虚警=98
    pack  8  n=  4533  报警=     第 0.1 天  起点=    第 13.7 天  提前=   13.7 天  起点前虚警=87
    pack  9  n=   599  报警=     第 9.0 天  起点=     第 3.0 天  提前=   -5.9 天  起点前虚警=0
    pack 10  n=  1097  报警=    第 27.3 天  起点=     第 9.9 天  提前=  -17.4 天  起点前虚警=0

  [StandTestData2]
    pack  1  n=  1830  报警=   第 750.1 天  起点=           —  提前=        —  起点前虚警=0  无起点标签（无 Hiddall）
    pack  2  n=   305  报警=    第 38.5 天  起点=           —  提前=        —  起点前虚警=0  无起点标签（无 Hiddall）
    pack  3  n=   565  报警=    第 96.8 天  起点=           —  提前=        —  起点前虚警=0  无起点标签（无 Hiddall）
    pack  4  n= 15487  报警=     第 1.7 天  起点=           —  提前=        —  起点前虚警=0  无起点标签（无 Hiddall）
    pack  5  n=  2826  报警=    第 22.3 天  起点=           —  提前=        —  起点前虚警=0  无起点标签（无 Hiddall）

  [StandTestData3]
    pack 17  n=  2618  报警=     第 0.1 天  起点=           —  提前=        —  起点前虚警=0  无起点标签（无 Hiddall）
    pack 18  n= 10996  报警=    第 22.0 天  起点=           —  提前=        —  起点前虚警=0  无起点标签（无 Hiddall）
    pack 19  n=  4276  报警=    第 17.8 天  起点=           —  提前=        —  起点前虚警=0  无起点标签（无 Hiddall）
    pack 20  n=  3870  报警=    第 33.1 天  起点=           —  提前=        —  起点前虚警=0  无起点标签（无 Hiddall）
    pack 21  n= 18333  报警=     第 0.1 天  起点=           —  提前=        —  起点前虚警=0  无起点标签（无 Hiddall）

==============================================================================
阈值方法：pack_baseline
==============================================================================
  逐包自身基线标准化：参照段比例 10%，训练集 4 个包的 z 分数 0.99 分位 = 2.7200
  训练集 z 分数：median=-0.1548  max=23.7778

  [StandTestData1]
    pack  6  n=  1881  报警=   第 158.5 天  起点=   第 212.6 天  提前=   54.0 天  起点前虚警=111
    pack  8  n=  4533  报警=           无  起点=    第 13.7 天  提前=        —  起点前虚警=0
    pack  9  n=   599  报警=    第 12.0 天  起点=     第 3.0 天  提前=   -9.0 天  起点前虚警=0
    pack 10  n=  1097  报警=    第 31.9 天  起点=     第 9.9 天  提前=  -22.0 天  起点前虚警=0

  [StandTestData2]
    pack  1  n=  1830  报警=  第 1002.5 天  起点=           —  提前=        —  起点前虚警=0  无起点标签（无 Hiddall）
    pack  2  n=   305  报警=           无  起点=           —  提前=        —  起点前虚警=0  无起点标签（无 Hiddall）
    pack  3  n=   565  报警=    第 96.9 天  起点=           —  提前=        —  起点前虚警=0  无起点标签（无 Hiddall）
    pack  4  n= 15487  报警=   第 361.2 天  起点=           —  提前=        —  起点前虚警=0  无起点标签（无 Hiddall）
    pack  5  n=  2826  报警=   第 755.4 天  起点=           —  提前=        —  起点前虚警=0  无起点标签（无 Hiddall）

  [StandTestData3]
    pack 17  n=  2618  报警=   第 146.1 天  起点=           —  提前=        —  起点前虚警=0  无起点标签（无 Hiddall）
    pack 18  n= 10996  报警=   第 125.5 天  起点=           —  提前=        —  起点前虚警=0  无起点标签（无 Hiddall）
    pack 19  n=  4276  报警=           无  起点=           —  提前=        —  起点前虚警=0  无起点标签（无 Hiddall）
    pack 20  n=  3870  报警=    第 78.0 天  起点=           —  提前=        —  起点前虚警=0  无起点标签（无 Hiddall）
    pack 21  n= 18333  报警=   第 267.6 天  起点=           —  提前=        —  起点前虚警=0  无起点标签（无 Hiddall）

==============================================================================
检测表：.\outputs\tables\detection_ours_no_late_no_kl_train_novelty_fixed-quantile_regression-binned_quantile-pack_baseline.csv（56 行）
==============================================================================
########## ours_no_late_no_kl rc=0 ##########
########## ours_no_kl ##########
==============================================================================
P5 检测：模型 ours  tag=ours_no_kl  LOF=train_novelty  标准化=True  设备=cuda
==============================================================================
[recon] 已缓存 .\outputs\runs\ours_no_kl\recon\StandTrainData（(26508, 8, 256)）
[metric] StandTrainData: 指标 (26508, 24) 已缓存
[recon] 已缓存 .\outputs\runs\ours_no_kl\recon\StandTestData1（(8110, 8, 256)）
[metric] StandTestData1: 指标 (8110, 24) 已缓存
[recon] 已缓存 .\outputs\runs\ours_no_kl\recon\StandTestData2（(21013, 8, 256)）
[metric] StandTestData2: 指标 (21013, 24) 已缓存
[recon] 已缓存 .\outputs\runs\ours_no_kl\recon\StandTestData3（(40093, 8, 256)）
[metric] StandTestData3: 指标 (40093, 24) 已缓存

--- LOF（仅用训练集特征拟合）---
  训练特征 (26508, 24)，标准化=开
  训练集分数：median=1.0492  0.99 分位=1.4867  max=6.4275
  工况协变量（已排除 SOC）：['mean_abs_i', 'std_i', 'p95_abs_i', 'disch_frac', 'mean_v', 'std_v', 'range_v', 'mean_t', 'std_t']
  可用于阈值拟合的训练窗口：26508/26508

==============================================================================
阈值方法：fixed
==============================================================================

  [StandTestData1]
    pack  6  n=  1881  报警=   第 158.5 天  起点=   第 212.6 天  提前=   54.0 天  起点前虚警=130
    pack  8  n=  4533  报警=     第 0.1 天  起点=    第 13.7 天  提前=   13.7 天  起点前虚警=76
    pack  9  n=   599  报警=     第 4.5 天  起点=     第 3.0 天  提前=   -1.5 天  起点前虚警=0
    pack 10  n=  1097  报警=    第 27.3 天  起点=     第 9.9 天  提前=  -17.4 天  起点前虚警=0

  [StandTestData2]
    pack  1  n=  1830  报警=   第 750.1 天  起点=           —  提前=        —  起点前虚警=0  无起点标签（无 Hiddall）
    pack  2  n=   305  报警=    第 38.5 天  起点=           —  提前=        —  起点前虚警=0  无起点标签（无 Hiddall）
    pack  3  n=   565  报警=    第 72.2 天  起点=           —  提前=        —  起点前虚警=0  无起点标签（无 Hiddall）
    pack  4  n= 15487  报警=     第 2.8 天  起点=           —  提前=        —  起点前虚警=0  无起点标签（无 Hiddall）
    pack  5  n=  2826  报警=    第 22.3 天  起点=           —  提前=        —  起点前虚警=0  无起点标签（无 Hiddall）

  [StandTestData3]
    pack 17  n=  2618  报警=     第 0.7 天  起点=           —  提前=        —  起点前虚警=0  无起点标签（无 Hiddall）
    pack 18  n= 10996  报警=    第 10.0 天  起点=           —  提前=        —  起点前虚警=0  无起点标签（无 Hiddall）
    pack 19  n=  4276  报警=    第 27.5 天  起点=           —  提前=        —  起点前虚警=0  无起点标签（无 Hiddall）
    pack 20  n=  3870  报警=    第 59.9 天  起点=           —  提前=        —  起点前虚警=0  无起点标签（无 Hiddall）
    pack 21  n= 18333  报警=     第 0.1 天  起点=           —  提前=        —  起点前虚警=0  无起点标签（无 Hiddall）

==============================================================================
阈值方法：quantile_regression
==============================================================================
  已拟合

  [StandTestData1]
    pack  6  n=  1881  报警=   第 137.5 天  起点=   第 212.6 天  提前=   75.0 天  起点前虚警=179
    pack  8  n=  4533  报警=     第 0.1 天  起点=    第 13.7 天  提前=   13.7 天  起点前虚警=77
    pack  9  n=   599  报警=     第 4.5 天  起点=     第 3.0 天  提前=   -1.5 天  起点前虚警=0
    pack 10  n=  1097  报警=    第 14.7 天  起点=     第 9.9 天  提前=   -4.8 天  起点前虚警=0

  [StandTestData2]
    pack  1  n=  1830  报警=   第 750.1 天  起点=           —  提前=        —  起点前虚警=0  无起点标签（无 Hiddall）
    pack  2  n=   305  报警=    第 38.5 天  起点=           —  提前=        —  起点前虚警=0  无起点标签（无 Hiddall）
    pack  3  n=   565  报警=    第 72.2 天  起点=           —  提前=        —  起点前虚警=0  无起点标签（无 Hiddall）
    pack  4  n= 15487  报警=     第 2.9 天  起点=           —  提前=        —  起点前虚警=0  无起点标签（无 Hiddall）
    pack  5  n=  2826  报警=    第 22.3 天  起点=           —  提前=        —  起点前虚警=0  无起点标签（无 Hiddall）

  [StandTestData3]
    pack 17  n=  2618  报警=     第 9.8 天  起点=           —  提前=        —  起点前虚警=0  无起点标签（无 Hiddall）
    pack 18  n= 10996  报警=    第 10.0 天  起点=           —  提前=        —  起点前虚警=0  无起点标签（无 Hiddall）
    pack 19  n=  4276  报警=    第 27.5 天  起点=           —  提前=        —  起点前虚警=0  无起点标签（无 Hiddall）
    pack 20  n=  3870  报警=    第 59.9 天  起点=           —  提前=        —  起点前虚警=0  无起点标签（无 Hiddall）
    pack 21  n= 18333  报警=     第 0.1 天  起点=           —  提前=        —  起点前虚警=0  无起点标签（无 Hiddall）

==============================================================================
阈值方法：binned_quantile
==============================================================================
  已拟合（选用工况维 8）

  [StandTestData1]
    pack  6  n=  1881  报警=   第 158.5 天  起点=   第 212.6 天  提前=   54.0 天  起点前虚警=147
    pack  8  n=  4533  报警=     第 0.1 天  起点=    第 13.7 天  提前=   13.7 天  起点前虚警=74
    pack  9  n=   599  报警=     第 4.5 天  起点=     第 3.0 天  提前=   -1.5 天  起点前虚警=0
    pack 10  n=  1097  报警=    第 27.3 天  起点=     第 9.9 天  提前=  -17.4 天  起点前虚警=0

  [StandTestData2]
    pack  1  n=  1830  报警=   第 750.1 天  起点=           —  提前=        —  起点前虚警=0  无起点标签（无 Hiddall）
    pack  2  n=   305  报警=    第 38.5 天  起点=           —  提前=        —  起点前虚警=0  无起点标签（无 Hiddall）
    pack  3  n=   565  报警=    第 72.2 天  起点=           —  提前=        —  起点前虚警=0  无起点标签（无 Hiddall）
    pack  4  n= 15487  报警=     第 2.8 天  起点=           —  提前=        —  起点前虚警=0  无起点标签（无 Hiddall）
    pack  5  n=  2826  报警=    第 22.3 天  起点=           —  提前=        —  起点前虚警=0  无起点标签（无 Hiddall）

  [StandTestData3]
    pack 17  n=  2618  报警=     第 0.7 天  起点=           —  提前=        —  起点前虚警=0  无起点标签（无 Hiddall）
    pack 18  n= 10996  报警=    第 10.0 天  起点=           —  提前=        —  起点前虚警=0  无起点标签（无 Hiddall）
    pack 19  n=  4276  报警=    第 17.7 天  起点=           —  提前=        —  起点前虚警=0  无起点标签（无 Hiddall）
    pack 20  n=  3870  报警=    第 59.9 天  起点=           —  提前=        —  起点前虚警=0  无起点标签（无 Hiddall）
    pack 21  n= 18333  报警=     第 0.1 天  起点=           —  提前=        —  起点前虚警=0  无起点标签（无 Hiddall）

==============================================================================
阈值方法：pack_baseline
==============================================================================
  逐包自身基线标准化：参照段比例 10%，训练集 4 个包的 z 分数 0.99 分位 = 2.7010
  训练集 z 分数：median=-0.1622  max=25.1706

  [StandTestData1]
    pack  6  n=  1881  报警=   第 158.5 天  起点=   第 212.6 天  提前=   54.0 天  起点前虚警=131
    pack  8  n=  4533  报警=           无  起点=    第 13.7 天  提前=        —  起点前虚警=0
    pack  9  n=   599  报警=    第 11.6 天  起点=     第 3.0 天  提前=   -8.5 天  起点前虚警=0
    pack 10  n=  1097  报警=    第 31.9 天  起点=     第 9.9 天  提前=  -22.0 天  起点前虚警=0

  [StandTestData2]
    pack  1  n=  1830  报警=   第 750.1 天  起点=           —  提前=        —  起点前虚警=0  无起点标签（无 Hiddall）
    pack  2  n=   305  报警=           无  起点=           —  提前=        —  起点前虚警=0  无起点标签（无 Hiddall）
    pack  3  n=   565  报警=    第 96.9 天  起点=           —  提前=        —  起点前虚警=0  无起点标签（无 Hiddall）
    pack  4  n= 15487  报警=   第 371.8 天  起点=           —  提前=        —  起点前虚警=0  无起点标签（无 Hiddall）
    pack  5  n=  2826  报警=           无  起点=           —  提前=        —  起点前虚警=0  无起点标签（无 Hiddall）

  [StandTestData3]
    pack 17  n=  2618  报警=   第 145.9 天  起点=           —  提前=        —  起点前虚警=0  无起点标签（无 Hiddall）
    pack 18  n= 10996  报警=   第 125.4 天  起点=           —  提前=        —  起点前虚警=0  无起点标签（无 Hiddall）
    pack 19  n=  4276  报警=           无  起点=           —  提前=        —  起点前虚警=0  无起点标签（无 Hiddall）
    pack 20  n=  3870  报警=    第 59.9 天  起点=           —  提前=        —  起点前虚警=0  无起点标签（无 Hiddall）
    pack 21  n= 18333  报警=   第 267.6 天  起点=           —  提前=        —  起点前虚警=0  无起点标签（无 Hiddall）

==============================================================================
检测表：.\outputs\tables\detection_ours_no_kl_train_novelty_fixed-quantile_regression-binned_quantile-pack_baseline.csv（56 行）
==============================================================================
########## ours_no_kl rc=0 ##########
########## ours_no_late ##########
==============================================================================
P5 检测：模型 ours  tag=ours_no_late  LOF=train_novelty  标准化=True  设备=cuda
==============================================================================
[recon] 已缓存 .\outputs\runs\ours_no_late\recon\StandTrainData（(26508, 8, 256)）
[metric] StandTrainData: 指标 (26508, 24) 已缓存
[recon] 已缓存 .\outputs\runs\ours_no_late\recon\StandTestData1（(8110, 8, 256)）
[metric] StandTestData1: 指标 (8110, 24) 已缓存
[recon] 已缓存 .\outputs\runs\ours_no_late\recon\StandTestData2（(21013, 8, 256)）
[metric] StandTestData2: 指标 (21013, 24) 已缓存
[recon] 已缓存 .\outputs\runs\ours_no_late\recon\StandTestData3（(40093, 8, 256)）
[metric] StandTestData3: 指标 (40093, 24) 已缓存

--- LOF（仅用训练集特征拟合）---
  训练特征 (26508, 24)，标准化=开
  训练集分数：median=1.0498  0.99 分位=1.4955  max=11.8241
  工况协变量（已排除 SOC）：['mean_abs_i', 'std_i', 'p95_abs_i', 'disch_frac', 'mean_v', 'std_v', 'range_v', 'mean_t', 'std_t']
  可用于阈值拟合的训练窗口：26508/26508

==============================================================================
阈值方法：fixed
==============================================================================

  [StandTestData1]
    pack  6  n=  1881  报警=   第 158.5 天  起点=   第 212.6 天  提前=   54.0 天  起点前虚警=118
    pack  8  n=  4533  报警=     第 0.7 天  起点=    第 13.7 天  提前=   13.0 天  起点前虚警=76
    pack  9  n=   599  报警=     第 4.5 天  起点=     第 3.0 天  提前=   -1.5 天  起点前虚警=0
    pack 10  n=  1097  报警=    第 14.7 天  起点=     第 9.9 天  提前=   -4.8 天  起点前虚警=0

  [StandTestData2]
    pack  1  n=  1830  报警=   第 750.1 天  起点=           —  提前=        —  起点前虚警=0  无起点标签（无 Hiddall）
    pack  2  n=   305  报警=   第 485.8 天  起点=           —  提前=        —  起点前虚警=0  无起点标签（无 Hiddall）
    pack  3  n=   565  报警=    第 96.8 天  起点=           —  提前=        —  起点前虚警=0  无起点标签（无 Hiddall）
    pack  4  n= 15487  报警=     第 2.8 天  起点=           —  提前=        —  起点前虚警=0  无起点标签（无 Hiddall）
    pack  5  n=  2826  报警=    第 39.4 天  起点=           —  提前=        —  起点前虚警=0  无起点标签（无 Hiddall）

  [StandTestData3]
    pack 17  n=  2618  报警=     第 0.7 天  起点=           —  提前=        —  起点前虚警=0  无起点标签（无 Hiddall）
    pack 18  n= 10996  报警=    第 19.6 天  起点=           —  提前=        —  起点前虚警=0  无起点标签（无 Hiddall）
    pack 19  n=  4276  报警=    第 44.3 天  起点=           —  提前=        —  起点前虚警=0  无起点标签（无 Hiddall）
    pack 20  n=  3870  报警=    第 44.3 天  起点=           —  提前=        —  起点前虚警=0  无起点标签（无 Hiddall）
    pack 21  n= 18333  报警=     第 0.1 天  起点=           —  提前=        —  起点前虚警=0  无起点标签（无 Hiddall）

==============================================================================
阈值方法：quantile_regression
==============================================================================
  已拟合

  [StandTestData1]
    pack  6  n=  1881  报警=   第 110.6 天  起点=   第 212.6 天  提前=  102.0 天  起点前虚警=192
    pack  8  n=  4533  报警=     第 0.7 天  起点=    第 13.7 天  提前=   13.0 天  起点前虚警=61
    pack  9  n=   599  报警=     第 4.5 天  起点=     第 3.0 天  提前=   -1.5 天  起点前虚警=0
    pack 10  n=  1097  报警=    第 14.7 天  起点=     第 9.9 天  提前=   -4.8 天  起点前虚警=0

  [StandTestData2]
    pack  1  n=  1830  报警=   第 750.1 天  起点=           —  提前=        —  起点前虚警=0  无起点标签（无 Hiddall）
    pack  2  n=   305  报警=           无  起点=           —  提前=        —  起点前虚警=0  无起点标签（无 Hiddall）
    pack  3  n=   565  报警=    第 96.9 天  起点=           —  提前=        —  起点前虚警=0  无起点标签（无 Hiddall）
    pack  4  n= 15487  报警=     第 2.8 天  起点=           —  提前=        —  起点前虚警=0  无起点标签（无 Hiddall）
    pack  5  n=  2826  报警=    第 39.4 天  起点=           —  提前=        —  起点前虚警=0  无起点标签（无 Hiddall）

  [StandTestData3]
    pack 17  n=  2618  报警=     第 0.7 天  起点=           —  提前=        —  起点前虚警=0  无起点标签（无 Hiddall）
    pack 18  n= 10996  报警=    第 19.6 天  起点=           —  提前=        —  起点前虚警=0  无起点标签（无 Hiddall）
    pack 19  n=  4276  报警=    第 44.3 天  起点=           —  提前=        —  起点前虚警=0  无起点标签（无 Hiddall）
    pack 20  n=  3870  报警=    第 44.3 天  起点=           —  提前=        —  起点前虚警=0  无起点标签（无 Hiddall）
    pack 21  n= 18333  报警=     第 0.1 天  起点=           —  提前=        —  起点前虚警=0  无起点标签（无 Hiddall）

==============================================================================
阈值方法：binned_quantile
==============================================================================
  已拟合（选用工况维 8）

  [StandTestData1]
    pack  6  n=  1881  报警=   第 153.1 天  起点=   第 212.6 天  提前=   59.5 天  起点前虚警=121
    pack  8  n=  4533  报警=     第 0.7 天  起点=    第 13.7 天  提前=   13.0 天  起点前虚警=76
    pack  9  n=   599  报警=     第 4.5 天  起点=     第 3.0 天  提前=   -1.5 天  起点前虚警=0
    pack 10  n=  1097  报警=    第 14.7 天  起点=     第 9.9 天  提前=   -4.8 天  起点前虚警=0

  [StandTestData2]
    pack  1  n=  1830  报警=   第 750.1 天  起点=           —  提前=        —  起点前虚警=0  无起点标签（无 Hiddall）
    pack  2  n=   305  报警=   第 334.0 天  起点=           —  提前=        —  起点前虚警=0  无起点标签（无 Hiddall）
    pack  3  n=   565  报警=    第 96.8 天  起点=           —  提前=        —  起点前虚警=0  无起点标签（无 Hiddall）
    pack  4  n= 15487  报警=     第 2.8 天  起点=           —  提前=        —  起点前虚警=0  无起点标签（无 Hiddall）
    pack  5  n=  2826  报警=    第 39.4 天  起点=           —  提前=        —  起点前虚警=0  无起点标签（无 Hiddall）

  [StandTestData3]
    pack 17  n=  2618  报警=     第 0.7 天  起点=           —  提前=        —  起点前虚警=0  无起点标签（无 Hiddall）
    pack 18  n= 10996  报警=    第 19.6 天  起点=           —  提前=        —  起点前虚警=0  无起点标签（无 Hiddall）
    pack 19  n=  4276  报警=    第 44.3 天  起点=           —  提前=        —  起点前虚警=0  无起点标签（无 Hiddall）
    pack 20  n=  3870  报警=    第 44.3 天  起点=           —  提前=        —  起点前虚警=0  无起点标签（无 Hiddall）
    pack 21  n= 18333  报警=     第 0.1 天  起点=           —  提前=        —  起点前虚警=0  无起点标签（无 Hiddall）

==============================================================================
阈值方法：pack_baseline
==============================================================================
  逐包自身基线标准化：参照段比例 10%，训练集 4 个包的 z 分数 0.99 分位 = 2.9418
  训练集 z 分数：median=-0.1594  max=47.4163

  [StandTestData1]
    pack  6  n=  1881  报警=   第 158.5 天  起点=   第 212.6 天  提前=   54.0 天  起点前虚警=104
    pack  8  n=  4533  报警=           无  起点=    第 13.7 天  提前=        —  起点前虚警=0
    pack  9  n=   599  报警=    第 15.1 天  起点=     第 3.0 天  提前=  -12.0 天  起点前虚警=0
    pack 10  n=  1097  报警=    第 31.9 天  起点=     第 9.9 天  提前=  -22.0 天  起点前虚警=0

  [StandTestData2]
    pack  1  n=  1830  报警=  第 1002.5 天  起点=           —  提前=        —  起点前虚警=0  无起点标签（无 Hiddall）
    pack  2  n=   305  报警=           无  起点=           —  提前=        —  起点前虚警=0  无起点标签（无 Hiddall）
    pack  3  n=   565  报警=   第 121.4 天  起点=           —  提前=        —  起点前虚警=0  无起点标签（无 Hiddall）
    pack  4  n= 15487  报警=     第 2.9 天  起点=           —  提前=        —  起点前虚警=0  无起点标签（无 Hiddall）
    pack  5  n=  2826  报警=  第 1413.5 天  起点=           —  提前=        —  起点前虚警=0  无起点标签（无 Hiddall）

  [StandTestData3]
    pack 17  n=  2618  报警=   第 146.2 天  起点=           —  提前=        —  起点前虚警=0  无起点标签（无 Hiddall）
    pack 18  n= 10996  报警=   第 125.5 天  起点=           —  提前=        —  起点前虚警=0  无起点标签（无 Hiddall）
    pack 19  n=  4276  报警=    第 77.9 天  起点=           —  提前=        —  起点前虚警=0  无起点标签（无 Hiddall）
    pack 20  n=  3870  报警=    第 59.9 天  起点=           —  提前=        —  起点前虚警=0  无起点标签（无 Hiddall）
    pack 21  n= 18333  报警=           无  起点=           —  提前=        —  起点前虚警=0  无起点标签（无 Hiddall）

==============================================================================
检测表：.\outputs\tables\detection_ours_no_late_train_novelty_fixed-quantile_regression-binned_quantile-pack_baseline.csv（56 行）
==============================================================================
########## ours_no_late rc=0 ##########
########## ours_shared_latent_late ##########
==============================================================================
P5 检测：模型 ours  tag=ours_shared_latent_late  LOF=train_novelty  标准化=True  设备=cuda
==============================================================================
[recon] 已缓存 .\outputs\runs\ours_shared_latent_late\recon\StandTrainData（(26508, 8, 256)）
[metric] StandTrainData: 指标 (26508, 24) 已缓存
[recon] 已缓存 .\outputs\runs\ours_shared_latent_late\recon\StandTestData1（(8110, 8, 256)）
[metric] StandTestData1: 指标 (8110, 24) 已缓存
[recon] 已缓存 .\outputs\runs\ours_shared_latent_late\recon\StandTestData2（(21013, 8, 256)）
[metric] StandTestData2: 指标 (21013, 24) 已缓存
[recon] 已缓存 .\outputs\runs\ours_shared_latent_late\recon\StandTestData3（(40093, 8, 256)）
[metric] StandTestData3: 指标 (40093, 24) 已缓存

--- LOF（仅用训练集特征拟合）---
  训练特征 (26508, 24)，标准化=开
  训练集分数：median=1.0525  0.99 分位=1.5182  max=10.8090
  工况协变量（已排除 SOC）：['mean_abs_i', 'std_i', 'p95_abs_i', 'disch_frac', 'mean_v', 'std_v', 'range_v', 'mean_t', 'std_t']
  可用于阈值拟合的训练窗口：26508/26508

==============================================================================
阈值方法：fixed
==============================================================================

  [StandTestData1]
    pack  6  n=  1881  报警=   第 158.5 天  起点=   第 212.6 天  提前=   54.0 天  起点前虚警=135
    pack  8  n=  4533  报警=     第 0.8 天  起点=    第 13.7 天  提前=   13.0 天  起点前虚警=99
    pack  9  n=   599  报警=     第 9.0 天  起点=     第 3.0 天  提前=   -5.9 天  起点前虚警=0
    pack 10  n=  1097  报警=    第 14.7 天  起点=     第 9.9 天  提前=   -4.8 天  起点前虚警=0

  [StandTestData2]
    pack  1  n=  1830  报警=   第 750.1 天  起点=           —  提前=        —  起点前虚警=0  无起点标签（无 Hiddall）
    pack  2  n=   305  报警=    第 73.5 天  起点=           —  提前=        —  起点前虚警=0  无起点标签（无 Hiddall）
    pack  3  n=   565  报警=    第 97.2 天  起点=           —  提前=        —  起点前虚警=0  无起点标签（无 Hiddall）
    pack  4  n= 15487  报警=     第 2.8 天  起点=           —  提前=        —  起点前虚警=0  无起点标签（无 Hiddall）
    pack  5  n=  2826  报警=    第 12.1 天  起点=           —  提前=        —  起点前虚警=0  无起点标签（无 Hiddall）

  [StandTestData3]
    pack 17  n=  2618  报警=     第 0.1 天  起点=           —  提前=        —  起点前虚警=0  无起点标签（无 Hiddall）
    pack 18  n= 10996  报警=    第 11.9 天  起点=           —  提前=        —  起点前虚警=0  无起点标签（无 Hiddall）
    pack 19  n=  4276  报警=    第 27.5 天  起点=           —  提前=        —  起点前虚警=0  无起点标签（无 Hiddall）
    pack 20  n=  3870  报警=   第 245.1 天  起点=           —  提前=        —  起点前虚警=0  无起点标签（无 Hiddall）
    pack 21  n= 18333  报警=     第 0.1 天  起点=           —  提前=        —  起点前虚警=0  无起点标签（无 Hiddall）

==============================================================================
阈值方法：quantile_regression
==============================================================================
  已拟合

  [StandTestData1]
    pack  6  n=  1881  报警=    第 65.6 天  起点=   第 212.6 天  提前=  147.0 天  起点前虚警=251
    pack  8  n=  4533  报警=     第 0.7 天  起点=    第 13.7 天  提前=   13.0 天  起点前虚警=103
    pack  9  n=   599  报警=     第 4.5 天  起点=     第 3.0 天  提前=   -1.5 天  起点前虚警=0
    pack 10  n=  1097  报警=    第 14.7 天  起点=     第 9.9 天  提前=   -4.8 天  起点前虚警=0

  [StandTestData2]
    pack  1  n=  1830  报警=   第 750.1 天  起点=           —  提前=        —  起点前虚警=0  无起点标签（无 Hiddall）
    pack  2  n=   305  报警=    第 65.1 天  起点=           —  提前=        —  起点前虚警=0  无起点标签（无 Hiddall）
    pack  3  n=   565  报警=    第 97.1 天  起点=           —  提前=        —  起点前虚警=0  无起点标签（无 Hiddall）
    pack  4  n= 15487  报警=     第 2.8 天  起点=           —  提前=        —  起点前虚警=0  无起点标签（无 Hiddall）
    pack  5  n=  2826  报警=    第 12.1 天  起点=           —  提前=        —  起点前虚警=0  无起点标签（无 Hiddall）

  [StandTestData3]
    pack 17  n=  2618  报警=     第 0.1 天  起点=           —  提前=        —  起点前虚警=0  无起点标签（无 Hiddall）
    pack 18  n= 10996  报警=    第 13.6 天  起点=           —  提前=        —  起点前虚警=0  无起点标签（无 Hiddall）
    pack 19  n=  4276  报警=    第 30.9 天  起点=           —  提前=        —  起点前虚警=0  无起点标签（无 Hiddall）
    pack 20  n=  3870  报警=    第 95.2 天  起点=           —  提前=        —  起点前虚警=0  无起点标签（无 Hiddall）
    pack 21  n= 18333  报警=     第 0.1 天  起点=           —  提前=        —  起点前虚警=0  无起点标签（无 Hiddall）

==============================================================================
阈值方法：binned_quantile
==============================================================================
  已拟合（选用工况维 8）

  [StandTestData1]
    pack  6  n=  1881  报警=   第 158.5 天  起点=   第 212.6 天  提前=   54.0 天  起点前虚警=191
    pack  8  n=  4533  报警=     第 0.7 天  起点=    第 13.7 天  提前=   13.0 天  起点前虚警=96
    pack  9  n=   599  报警=     第 4.5 天  起点=     第 3.0 天  提前=   -1.5 天  起点前虚警=0
    pack 10  n=  1097  报警=    第 14.7 天  起点=     第 9.9 天  提前=   -4.8 天  起点前虚警=0

  [StandTestData2]
    pack  1  n=  1830  报警=   第 750.1 天  起点=           —  提前=        —  起点前虚警=0  无起点标签（无 Hiddall）
    pack  2  n=   305  报警=    第 65.1 天  起点=           —  提前=        —  起点前虚警=0  无起点标签（无 Hiddall）
    pack  3  n=   565  报警=    第 97.1 天  起点=           —  提前=        —  起点前虚警=0  无起点标签（无 Hiddall）
    pack  4  n= 15487  报警=     第 2.8 天  起点=           —  提前=        —  起点前虚警=0  无起点标签（无 Hiddall）
    pack  5  n=  2826  报警=    第 12.1 天  起点=           —  提前=        —  起点前虚警=0  无起点标签（无 Hiddall）

  [StandTestData3]
    pack 17  n=  2618  报警=     第 0.1 天  起点=           —  提前=        —  起点前虚警=0  无起点标签（无 Hiddall）
    pack 18  n= 10996  报警=     第 8.9 天  起点=           —  提前=        —  起点前虚警=0  无起点标签（无 Hiddall）
    pack 19  n=  4276  报警=    第 26.9 天  起点=           —  提前=        —  起点前虚警=0  无起点标签（无 Hiddall）
    pack 20  n=  3870  报警=    第 93.9 天  起点=           —  提前=        —  起点前虚警=0  无起点标签（无 Hiddall）
    pack 21  n= 18333  报警=     第 0.1 天  起点=           —  提前=        —  起点前虚警=0  无起点标签（无 Hiddall）

==============================================================================
阈值方法：pack_baseline
==============================================================================
  逐包自身基线标准化：参照段比例 10%，训练集 4 个包的 z 分数 0.99 分位 = 2.8642
  训练集 z 分数：median=-0.1886  max=47.3393

  [StandTestData1]
    pack  6  n=  1881  报警=   第 170.0 天  起点=   第 212.6 天  提前=   42.6 天  起点前虚警=93
    pack  8  n=  4533  报警=           无  起点=    第 13.7 天  提前=        —  起点前虚警=0
    pack  9  n=   599  报警=    第 14.1 天  起点=     第 3.0 天  提前=  -11.1 天  起点前虚警=0
    pack 10  n=  1097  报警=    第 38.0 天  起点=     第 9.9 天  提前=  -28.1 天  起点前虚警=0

  [StandTestData2]
    pack  1  n=  1830  报警=  第 1002.5 天  起点=           —  提前=        —  起点前虚警=0  无起点标签（无 Hiddall）
    pack  2  n=   305  报警=           无  起点=           —  提前=        —  起点前虚警=0  无起点标签（无 Hiddall）
    pack  3  n=   565  报警=   第 121.4 天  起点=           —  提前=        —  起点前虚警=0  无起点标签（无 Hiddall）
    pack  4  n= 15487  报警=           无  起点=           —  提前=        —  起点前虚警=0  无起点标签（无 Hiddall）
    pack  5  n=  2826  报警=           无  起点=           —  提前=        —  起点前虚警=0  无起点标签（无 Hiddall）

  [StandTestData3]
    pack 17  n=  2618  报警=   第 121.8 天  起点=           —  提前=        —  起点前虚警=0  无起点标签（无 Hiddall）
    pack 18  n= 10996  报警=   第 125.5 天  起点=           —  提前=        —  起点前虚警=0  无起点标签（无 Hiddall）
    pack 19  n=  4276  报警=   第 287.1 天  起点=           —  提前=        —  起点前虚警=0  无起点标签（无 Hiddall）
    pack 20  n=  3870  报警=   第 245.1 天  起点=           —  提前=        —  起点前虚警=0  无起点标签（无 Hiddall）
    pack 21  n= 18333  报警=   第 267.6 天  起点=           —  提前=        —  起点前虚警=0  无起点标签（无 Hiddall）

==============================================================================
检测表：.\outputs\tables\detection_ours_shared_latent_late_train_novelty_fixed-quantile_regression-binned_quantile-pack_baseline.csv（56 行）
==============================================================================
########## ours_shared_latent_late rc=0 ##########
########## ours_shared_latent ##########
==============================================================================
P5 检测：模型 ours  tag=ours_shared_latent  LOF=train_novelty  标准化=True  设备=cuda
==============================================================================
[recon] 已缓存 .\outputs\runs\ours_shared_latent\recon\StandTrainData（(26508, 8, 256)）
[metric] StandTrainData: 指标 (26508, 24) 已缓存
[recon] 已缓存 .\outputs\runs\ours_shared_latent\recon\StandTestData1（(8110, 8, 256)）
[metric] StandTestData1: 指标 (8110, 24) 已缓存
[recon] 已缓存 .\outputs\runs\ours_shared_latent\recon\StandTestData2（(21013, 8, 256)）
[metric] StandTestData2: 指标 (21013, 24) 已缓存
[recon] 已缓存 .\outputs\runs\ours_shared_latent\recon\StandTestData3（(40093, 8, 256)）
[metric] StandTestData3: 指标 (40093, 24) 已缓存

--- LOF（仅用训练集特征拟合）---
  训练特征 (26508, 24)，标准化=开
  训练集分数：median=1.0524  0.99 分位=1.5192  max=12.7580
  工况协变量（已排除 SOC）：['mean_abs_i', 'std_i', 'p95_abs_i', 'disch_frac', 'mean_v', 'std_v', 'range_v', 'mean_t', 'std_t']
  可用于阈值拟合的训练窗口：26508/26508

==============================================================================
阈值方法：fixed
==============================================================================

  [StandTestData1]
    pack  6  n=  1881  报警=   第 158.5 天  起点=   第 212.6 天  提前=   54.0 天  起点前虚警=140
    pack  8  n=  4533  报警=     第 0.7 天  起点=    第 13.7 天  提前=   13.0 天  起点前虚警=133
    pack  9  n=   599  报警=     第 9.5 天  起点=     第 3.0 天  提前=   -6.5 天  起点前虚警=0
    pack 10  n=  1097  报警=    第 14.7 天  起点=     第 9.9 天  提前=   -4.8 天  起点前虚警=0

  [StandTestData2]
    pack  1  n=  1830  报警=   第 750.1 天  起点=           —  提前=        —  起点前虚警=0  无起点标签（无 Hiddall）
    pack  2  n=   305  报警=    第 17.5 天  起点=           —  提前=        —  起点前虚警=0  无起点标签（无 Hiddall）
    pack  3  n=   565  报警=    第 96.9 天  起点=           —  提前=        —  起点前虚警=0  无起点标签（无 Hiddall）
    pack  4  n= 15487  报警=     第 2.8 天  起点=           —  提前=        —  起点前虚警=0  无起点标签（无 Hiddall）
    pack  5  n=  2826  报警=    第 12.1 天  起点=           —  提前=        —  起点前虚警=0  无起点标签（无 Hiddall）

  [StandTestData3]
    pack 17  n=  2618  报警=     第 0.1 天  起点=           —  提前=        —  起点前虚警=0  无起点标签（无 Hiddall）
    pack 18  n= 10996  报警=     第 3.6 天  起点=           —  提前=        —  起点前虚警=0  无起点标签（无 Hiddall）
    pack 19  n=  4276  报警=    第 17.7 天  起点=           —  提前=        —  起点前虚警=0  无起点标签（无 Hiddall）
    pack 20  n=  3870  报警=    第 30.7 天  起点=           —  提前=        —  起点前虚警=0  无起点标签（无 Hiddall）
    pack 21  n= 18333  报警=     第 0.2 天  起点=           —  提前=        —  起点前虚警=0  无起点标签（无 Hiddall）

==============================================================================
阈值方法：quantile_regression
==============================================================================
  已拟合

  [StandTestData1]
    pack  6  n=  1881  报警=    第 88.4 天  起点=   第 212.6 天  提前=  124.2 天  起点前虚警=231
    pack  8  n=  4533  报警=     第 0.7 天  起点=    第 13.7 天  提前=   13.0 天  起点前虚警=143
    pack  9  n=   599  报警=     第 4.5 天  起点=     第 3.0 天  提前=   -1.5 天  起点前虚警=0
    pack 10  n=  1097  报警=    第 14.7 天  起点=     第 9.9 天  提前=   -4.8 天  起点前虚警=0

  [StandTestData2]
    pack  1  n=  1830  报警=   第 750.1 天  起点=           —  提前=        —  起点前虚警=0  无起点标签（无 Hiddall）
    pack  2  n=   305  报警=    第 17.5 天  起点=           —  提前=        —  起点前虚警=0  无起点标签（无 Hiddall）
    pack  3  n=   565  报警=    第 98.3 天  起点=           —  提前=        —  起点前虚警=0  无起点标签（无 Hiddall）
    pack  4  n= 15487  报警=     第 2.6 天  起点=           —  提前=        —  起点前虚警=0  无起点标签（无 Hiddall）
    pack  5  n=  2826  报警=    第 22.2 天  起点=           —  提前=        —  起点前虚警=0  无起点标签（无 Hiddall）

  [StandTestData3]
    pack 17  n=  2618  报警=     第 0.1 天  起点=           —  提前=        —  起点前虚警=0  无起点标签（无 Hiddall）
    pack 18  n= 10996  报警=     第 3.6 天  起点=           —  提前=        —  起点前虚警=0  无起点标签（无 Hiddall）
    pack 19  n=  4276  报警=    第 17.8 天  起点=           —  提前=        —  起点前虚警=0  无起点标签（无 Hiddall）
    pack 20  n=  3870  报警=    第 30.7 天  起点=           —  提前=        —  起点前虚警=0  无起点标签（无 Hiddall）
    pack 21  n= 18333  报警=     第 0.1 天  起点=           —  提前=        —  起点前虚警=0  无起点标签（无 Hiddall）

==============================================================================
阈值方法：binned_quantile
==============================================================================
  已拟合（选用工况维 8）

  [StandTestData1]
    pack  6  n=  1881  报警=   第 158.5 天  起点=   第 212.6 天  提前=   54.0 天  起点前虚警=141
    pack  8  n=  4533  报警=     第 0.7 天  起点=    第 13.7 天  提前=   13.0 天  起点前虚警=126
    pack  9  n=   599  报警=     第 9.5 天  起点=     第 3.0 天  提前=   -6.5 天  起点前虚警=0
    pack 10  n=  1097  报警=    第 14.7 天  起点=     第 9.9 天  提前=   -4.8 天  起点前虚警=0

  [StandTestData2]
    pack  1  n=  1830  报警=   第 750.1 天  起点=           —  提前=        —  起点前虚警=0  无起点标签（无 Hiddall）
    pack  2  n=   305  报警=    第 17.5 天  起点=           —  提前=        —  起点前虚警=0  无起点标签（无 Hiddall）
    pack  3  n=   565  报警=    第 96.9 天  起点=           —  提前=        —  起点前虚警=0  无起点标签（无 Hiddall）
    pack  4  n= 15487  报警=     第 2.8 天  起点=           —  提前=        —  起点前虚警=0  无起点标签（无 Hiddall）
    pack  5  n=  2826  报警=    第 12.1 天  起点=           —  提前=        —  起点前虚警=0  无起点标签（无 Hiddall）

  [StandTestData3]
    pack 17  n=  2618  报警=     第 0.1 天  起点=           —  提前=        —  起点前虚警=0  无起点标签（无 Hiddall）
    pack 18  n= 10996  报警=     第 3.6 天  起点=           —  提前=        —  起点前虚警=0  无起点标签（无 Hiddall）
    pack 19  n=  4276  报警=    第 17.7 天  起点=           —  提前=        —  起点前虚警=0  无起点标签（无 Hiddall）
    pack 20  n=  3870  报警=    第 30.7 天  起点=           —  提前=        —  起点前虚警=0  无起点标签（无 Hiddall）
    pack 21  n= 18333  报警=     第 0.2 天  起点=           —  提前=        —  起点前虚警=0  无起点标签（无 Hiddall）

==============================================================================
阈值方法：pack_baseline
==============================================================================
  逐包自身基线标准化：参照段比例 10%，训练集 4 个包的 z 分数 0.99 分位 = 2.8034
  训练集 z 分数：median=-0.1848  max=44.4196

  [StandTestData1]
    pack  6  n=  1881  报警=   第 158.5 天  起点=   第 212.6 天  提前=   54.0 天  起点前虚警=117
    pack  8  n=  4533  报警=           无  起点=    第 13.7 天  提前=        —  起点前虚警=0
    pack  9  n=   599  报警=    第 15.6 天  起点=     第 3.0 天  提前=  -12.5 天  起点前虚警=0
    pack 10  n=  1097  报警=    第 38.0 天  起点=     第 9.9 天  提前=  -28.1 天  起点前虚警=0

  [StandTestData2]
    pack  1  n=  1830  报警=  第 1002.5 天  起点=           —  提前=        —  起点前虚警=0  无起点标签（无 Hiddall）
    pack  2  n=   305  报警=   第 334.0 天  起点=           —  提前=        —  起点前虚警=0  无起点标签（无 Hiddall）
    pack  3  n=   565  报警=   第 121.4 天  起点=           —  提前=        —  起点前虚警=0  无起点标签（无 Hiddall）
    pack  4  n= 15487  报警=   第 375.3 天  起点=           —  提前=        —  起点前虚警=0  无起点标签（无 Hiddall）
    pack  5  n=  2826  报警=   第 366.6 天  起点=           —  提前=        —  起点前虚警=0  无起点标签（无 Hiddall）

  [StandTestData3]
    pack 17  n=  2618  报警=   第 121.8 天  起点=           —  提前=        —  起点前虚警=0  无起点标签（无 Hiddall）
    pack 18  n= 10996  报警=   第 125.5 天  起点=           —  提前=        —  起点前虚警=0  无起点标签（无 Hiddall）
    pack 19  n=  4276  报警=   第 287.1 天  起点=           —  提前=        —  起点前虚警=0  无起点标签（无 Hiddall）
    pack 20  n=  3870  报警=   第 287.2 天  起点=           —  提前=        —  起点前虚警=0  无起点标签（无 Hiddall）
    pack 21  n= 18333  报警=   第 267.6 天  起点=           —  提前=        —  起点前虚警=0  无起点标签（无 Hiddall）

==============================================================================
检测表：.\outputs\tables\detection_ours_shared_latent_train_novelty_fixed-quantile_regression-binned_quantile-pack_baseline.csv（56 行）
==============================================================================
########## ours_shared_latent rc=0 ##########
