  ⚠ per_pack 模式下阈值口径不适用（阈值取自每包自身分位）——
    只跑 per_pack_self，忽略 --methods 的其余取值。
==============================================================================
P5 检测：模型 lfaae  tag=lfaae  LOF=per_pack  标准化=True  设备=cuda
==============================================================================
[recon] 命中缓存 .\outputs\runs\lfaae\recon\StandTrainData
[recon] 命中缓存 .\outputs\runs\lfaae\recon\StandTestData1
[recon] 命中缓存 .\outputs\runs\lfaae\recon\StandTestData2
[recon] 命中缓存 .\outputs\runs\lfaae\recon\StandTestData3

--- LOF（仅用训练集特征拟合）---
  训练特征 (26508, 24)，标准化=开
  per_pack 模式：逐包自参照，判据值 = 本包分数 − 本包 0.99 分位阈值
    训练集 4 个包共越限 267/26508 个窗口（按构造约 1.0% = 265 个）
  工况协变量（已排除 SOC）：['mean_abs_i', 'std_i', 'p95_abs_i', 'disch_frac', 'mean_v', 'std_v', 'range_v', 'mean_t', 'std_t']
  可用于阈值拟合的训练窗口：26508/26508

==============================================================================
阈值方法：per_pack_self
==============================================================================
  阈值取自每个包**自身**序列的 q 分位，不拟合跨包阈值

  [StandTestData1]
    pack  6  n=  1881  报警=           无  起点=   第 212.6 天  提前=        —  起点前虚警=0
    pack  8  n=  4533  报警=    第 53.0 天  起点=    第 13.7 天  提前=  -39.3 天  起点前虚警=0
    pack  9  n=   599  报警=           无  起点=     第 3.0 天  提前=        —  起点前虚警=0
    pack 10  n=  1097  报警=           无  起点=     第 9.9 天  提前=        —  起点前虚警=0

  [StandTestData2]
    pack  1  n=  1830  报警=           无  起点=           —  提前=        —  起点前虚警=0  无起点标签（无 Hiddall）
    pack  2  n=   305  报警=           无  起点=           —  提前=        —  起点前虚警=0  无起点标签（无 Hiddall）
    pack  3  n=   565  报警=           无  起点=           —  提前=        —  起点前虚警=0  无起点标签（无 Hiddall）
    pack  4  n= 15487  报警=     第 2.8 天  起点=           —  提前=        —  起点前虚警=0  无起点标签（无 Hiddall）
    pack  5  n=  2826  报警=           无  起点=           —  提前=        —  起点前虚警=0  无起点标签（无 Hiddall）

  [StandTestData3]
    pack 17  n=  2618  报警=   第 146.2 天  起点=           —  提前=        —  起点前虚警=0  无起点标签（无 Hiddall）
    pack 18  n= 10996  报警=   第 125.4 天  起点=           —  提前=        —  起点前虚警=0  无起点标签（无 Hiddall）
    pack 19  n=  4276  报警=           无  起点=           —  提前=        —  起点前虚警=0  无起点标签（无 Hiddall）
    pack 20  n=  3870  报警=           无  起点=           —  提前=        —  起点前虚警=0  无起点标签（无 Hiddall）
    pack 21  n= 18333  报警=   第 267.6 天  起点=           —  提前=        —  起点前虚警=0  无起点标签（无 Hiddall）

==============================================================================
检测表：.\outputs\tables\detection_lfaae_per_pack_per_pack_self.csv（14 行）
==============================================================================
