==============================================================================
P6 双轨虚警率：ours_full  LOF=train_novelty  持久性 m=5  q=0.99
==============================================================================
轨 A = 已知正常期上的真虚警率（**逐包留一**：用其余包拟合）
轨 B = test1 起点前窗口上的触发率（不是虚警率）

训练集工况协变量（已排除 SOC）：['mean_abs_i', 'std_i', 'p95_abs_i', 'disch_frac', 'mean_v', 'std_v', 'range_v', 'mean_t', 'std_t']
训练集窗口 (26508, 24)，包 [6, 8, 9, 10]

------------------------------------------------------------------------------
阈值方法：fixed
------------------------------------------------------------------------------
  轨 A 真虚警率（留一）：766/26508 = 2.8897%
      pack  6:    30/9127   = 0.3287%  单窗越限  2132  阈值   0.0000  中位分  -0.2034
      pack  8:   715/11147  = 6.4143%  单窗越限  5119  阈值   0.0000  中位分  -0.0277
      pack  9:    15/5093   = 0.2945%  单窗越限   679  阈值   0.0000  中位分  -0.2559
      pack 10:     6/1141   = 0.5259%  单窗越限   343  阈值   0.0000  中位分  -0.1333
      pack  6  轨 B 触发率 102/1685 = 6.0534%   报警日 158.5   起点日 212.6
      pack  8  轨 B 触发率 84/305 = 27.5410%   报警日 0.7   起点日 13.7
      pack  9  轨 B 触发率 0/80 = 0.0000%   报警日 4.6   起点日 3.0
      pack 10  轨 B 触发率 0/72 = 0.0000%   报警日 26.2   起点日 9.9

==============================================================================
双轨表：D:\Matlab\project\pypack\outputs\tables\far_dualtrack.csv（4 行）
==============================================================================

汇总（按方法池化；轨 A 与轨 B 分母不同，不可相减）：
                方法       轨A 虚警率       轨B 触发率      A分母      B分母
             fixed      2.8897%      8.6835%    26508     2142

注：轨 A 是「留出包自己的正常期」为分母、「其余三个包」为参照系的真虚警率；
    轨 B 沿用 05_detect 的口径，改名触发率。两者不可相减。
