########## 07 ours_full ##########
==============================================================================
P7 单体定位：ours_full  末段比例 20%
==============================================================================
参照系：三指标在 pack 6/8/9/10 的**训练正常期**上拟合中心与尺度
判据：故障期聚合后，真值单体是否排进逐单体异常分的前 k 名

指标统计量已拟合（仅训练正常期）：26508 窗口 × 8 单体
  sigma_v 中心 [0.0045, 0.0043, 0.0062, 0.0039, 0.0052, 0.0019, 0.002, 0.0041]
  sigma_v 尺度 [0.0035, 0.00295, 0.00543, 0.00237, 0.00383, 0.00263, 0.00365, 0.01062]

  pack  6 1  fault_period            raw  n=  196  真值 [8]  名次 {8: 1}  top3 [8, 4, 6]  <-- 命中
  pack  6 1  fault_period  cell_centered  n=  196  真值 [8]  名次 {8: 1}  top3 [8, 4, 6]  <-- 命中
  pack  6 1    last_20pct            raw  n=  196  真值 [8]  名次 {8: 1}  top3 [8, 4, 6]  <-- 命中
  pack  6 1    last_20pct  cell_centered  n=  196  真值 [8]  名次 {8: 1}  top3 [8, 4, 6]  <-- 命中
  pack  9 1  fault_period            raw  n=  519  真值 [2]  名次 {2: 1}  top3 [2, 6, 4]  <-- 命中
  pack  9 1  fault_period  cell_centered  n=  519  真值 [2]  名次 {2: 1}  top3 [2, 6, 4]  <-- 命中
  pack  9 1    last_20pct            raw  n=  120  真值 [2]  名次 {2: 1}  top3 [2, 4, 6]  <-- 命中
  pack  9 1    last_20pct  cell_centered  n=  120  真值 [2]  名次 {2: 1}  top3 [2, 4, 6]  <-- 命中
  pack 10 1  fault_period            raw  n= 1025  真值 [8, 7]  名次 {8: 1, 7: 2}  top3 [8, 7, 6]  <-- 命中
  pack 10 1  fault_period  cell_centered  n= 1025  真值 [8, 7]  名次 {8: 1, 7: 2}  top3 [8, 7, 6]  <-- 命中
  pack 10 1    last_20pct            raw  n=  219  真值 [8, 7]  名次 {8: 1, 7: 4}  top3 [8, 1, 6]  <-- 命中
  pack 10 1    last_20pct  cell_centered  n=  219  真值 [8, 7]  名次 {8: 1, 7: 4}  top3 [8, 1, 6]  <-- 命中
  pack  1 2  fault_period            raw  n= 1830  真值 [7]  名次 {7: 1}  top3 [7, 2, 6]  <-- 命中
  pack  1 2  fault_period  cell_centered  n= 1830  真值 [7]  名次 {7: 1}  top3 [7, 2, 6]  <-- 命中
  pack  1 2    last_20pct            raw  n=  366  真值 [7]  名次 {7: 1}  top3 [7, 4, 2]  <-- 命中
  pack  1 2    last_20pct  cell_centered  n=  366  真值 [7]  名次 {7: 1}  top3 [7, 4, 2]  <-- 命中
  pack  2 2  fault_period            raw  n=  305  真值 [6, 8]  名次 {6: 1, 8: 2}  top3 [6, 8, 7]  <-- 命中
  pack  2 2  fault_period  cell_centered  n=  305  真值 [6, 8]  名次 {6: 1, 8: 2}  top3 [6, 8, 7]  <-- 命中
  pack  2 2    last_20pct            raw  n=   61  真值 [6, 8]  名次 {6: 1, 8: 2}  top3 [6, 8, 7]  <-- 命中
  pack  2 2    last_20pct  cell_centered  n=   61  真值 [6, 8]  名次 {6: 1, 8: 2}  top3 [6, 8, 7]  <-- 命中
  pack  3 2  fault_period            raw  n=  565  真值 [7]  名次 {7: 1}  top3 [7, 4, 2]  <-- 命中
  pack  3 2  fault_period  cell_centered  n=  565  真值 [7]  名次 {7: 1}  top3 [7, 4, 2]  <-- 命中
  pack  3 2    last_20pct            raw  n=  113  真值 [7]  名次 {7: 1}  top3 [7, 4, 6]  <-- 命中
  pack  3 2    last_20pct  cell_centered  n=  113  真值 [7]  名次 {7: 1}  top3 [7, 4, 6]  <-- 命中
  pack  4 2  fault_period            raw  n=15487  真值 [1]  名次 {1: 1}  top3 [1, 8, 7]  <-- 命中
  pack  4 2  fault_period  cell_centered  n=15487  真值 [1]  名次 {1: 1}  top3 [1, 8, 7]  <-- 命中
  pack  4 2    last_20pct            raw  n= 3097  真值 [1]  名次 {1: 1}  top3 [1, 6, 7]  <-- 命中
  pack  4 2    last_20pct  cell_centered  n= 3097  真值 [1]  名次 {1: 1}  top3 [1, 6, 7]  <-- 命中
  pack  5 2  fault_period            raw  n= 2826  真值 [5]  名次 {5: 8}  top3 [6, 8, 7]
  pack  5 2  fault_period  cell_centered  n= 2826  真值 [5]  名次 {5: 8}  top3 [6, 8, 7]
  pack  5 2    last_20pct            raw  n=  565  真值 [5]  名次 {5: 8}  top3 [6, 8, 7]
  pack  5 2    last_20pct  cell_centered  n=  565  真值 [5]  名次 {5: 8}  top3 [6, 8, 7]
  pack 17 3  fault_period            raw  n= 2618  真值 [3]  名次 {3: 1}  top3 [3, 4, 2]  <-- 命中
  pack 17 3  fault_period  cell_centered  n= 2618  真值 [3]  名次 {3: 1}  top3 [3, 4, 2]  <-- 命中
  pack 17 3    last_20pct            raw  n=  524  真值 [3]  名次 {3: 1}  top3 [3, 4, 2]  <-- 命中
  pack 17 3    last_20pct  cell_centered  n=  524  真值 [3]  名次 {3: 1}  top3 [3, 4, 2]  <-- 命中

==============================================================================
定位表：.\outputs\tables\localization_ours_full.csv（36 行）
==============================================================================

汇总（按聚合口径 × 变体，在可标注包上）：
              聚合             变体    包数   top-1 命中   top-3 命中
    fault_period            raw     9      88.9%      88.9%
    fault_period  cell_centered     9      88.9%      88.9%
      last_20pct            raw     9      88.9%      88.9%
      last_20pct  cell_centered     9      88.9%      88.9%
########## 08 ours_full ##########
==============================================================================
P8 权衡曲线：ours_full  模式 ['train_novelty']
  分位网格 [0.9, 0.95, 0.975, 0.99, 0.995, 0.999]  持久性网格 [1, 5, 10]
==============================================================================
训练特征 (26508, 24)  测试特征 (8110, 24)
有起点标签的包：[6, 8, 9, 10]

------------------------------------------------------------------------------
LOF 模式：train_novelty
------------------------------------------------------------------------------
      q    m         阈值      检出率       起点前触发率      中位报警窗      中位提前窗      分母
  0.900    1     1.2191  100.0%       57.89%          0        192    2142
  0.900    5     1.2191   75.0%       21.62%         35        301    2142
  0.900   10     1.2191   50.0%       13.59%        418        577    2142
  0.950    1     1.3042  100.0%       47.67%          2        192    2142
  0.950    5     1.3042   75.0%       16.67%         36        297    2142
  0.950   10     1.3042   50.0%        9.57%        699        296    2142
  0.975    1     1.3912  100.0%       39.96%          4        190    2142
  0.975    5     1.3912   75.0%       12.98%         36        297    2142
  0.975   10     1.3912   50.0%        6.86%        699        296    2142
  0.990    1     1.5233  100.0%       31.89%          4        190    2142
  0.990    5     1.5233   50.0%        8.68%        656        340    2142
  0.990   10     1.5233   50.0%        3.31%        699        296    2142
  0.995    1     1.6484  100.0%       25.77%         34        175    2142
  0.995    5     1.6484   50.0%        5.51%        696        298    2142
  0.995   10     1.6484   50.0%        1.40%        864        130    2142
  0.999    1     2.0443   75.0%       15.55%         36        305    2142
  0.999    5     2.0443   50.0%        1.68%        797        198    2142
  0.999   10     2.0443   25.0%        0.14%       1667         18    2142

==============================================================================
权衡表：.\outputs\tables\tradeoff_ours_full.csv（18 行）
==============================================================================

读法：同一模式下横向比较各点 —— 检出率上升伴随着起点前触发率上升，
      两者就是那条权衡曲线；不同模式之间的比较才是「选哪个模式」的依据。
########## 07 ours_shared_latent ##########
==============================================================================
P7 单体定位：ours_shared_latent  末段比例 20%
==============================================================================
参照系：三指标在 pack 6/8/9/10 的**训练正常期**上拟合中心与尺度
判据：故障期聚合后，真值单体是否排进逐单体异常分的前 k 名

指标统计量已拟合（仅训练正常期）：26508 窗口 × 8 单体
  sigma_v 中心 [0.0045, 0.0043, 0.0062, 0.0039, 0.0052, 0.0019, 0.002, 0.0041]
  sigma_v 尺度 [0.0035, 0.00295, 0.00543, 0.00237, 0.00383, 0.00263, 0.00365, 0.01062]

  pack  6 1  fault_period            raw  n=  196  真值 [8]  名次 {8: 1}  top3 [8, 4, 3]  <-- 命中
  pack  6 1  fault_period  cell_centered  n=  196  真值 [8]  名次 {8: 1}  top3 [8, 4, 3]  <-- 命中
  pack  6 1    last_20pct            raw  n=  196  真值 [8]  名次 {8: 1}  top3 [8, 4, 3]  <-- 命中
  pack  6 1    last_20pct  cell_centered  n=  196  真值 [8]  名次 {8: 1}  top3 [8, 4, 3]  <-- 命中
  pack  9 1  fault_period            raw  n=  519  真值 [2]  名次 {2: 1}  top3 [2, 4, 6]  <-- 命中
  pack  9 1  fault_period  cell_centered  n=  519  真值 [2]  名次 {2: 1}  top3 [2, 4, 6]  <-- 命中
  pack  9 1    last_20pct            raw  n=  120  真值 [2]  名次 {2: 1}  top3 [2, 4, 6]  <-- 命中
  pack  9 1    last_20pct  cell_centered  n=  120  真值 [2]  名次 {2: 1}  top3 [2, 4, 6]  <-- 命中
  pack 10 1  fault_period            raw  n= 1025  真值 [8, 7]  名次 {8: 1, 7: 2}  top3 [8, 7, 6]  <-- 命中
  pack 10 1  fault_period  cell_centered  n= 1025  真值 [8, 7]  名次 {8: 1, 7: 2}  top3 [8, 7, 6]  <-- 命中
  pack 10 1    last_20pct            raw  n=  219  真值 [8, 7]  名次 {8: 1, 7: 3}  top3 [8, 6, 7]  <-- 命中
  pack 10 1    last_20pct  cell_centered  n=  219  真值 [8, 7]  名次 {8: 1, 7: 3}  top3 [8, 6, 7]  <-- 命中
  pack  1 2  fault_period            raw  n= 1830  真值 [7]  名次 {7: 1}  top3 [7, 4, 6]  <-- 命中
  pack  1 2  fault_period  cell_centered  n= 1830  真值 [7]  名次 {7: 1}  top3 [7, 4, 6]  <-- 命中
  pack  1 2    last_20pct            raw  n=  366  真值 [7]  名次 {7: 1}  top3 [7, 4, 6]  <-- 命中
  pack  1 2    last_20pct  cell_centered  n=  366  真值 [7]  名次 {7: 1}  top3 [7, 4, 6]  <-- 命中
  pack  2 2  fault_period            raw  n=  305  真值 [6, 8]  名次 {6: 1, 8: 4}  top3 [6, 7, 2]  <-- 命中
  pack  2 2  fault_period  cell_centered  n=  305  真值 [6, 8]  名次 {6: 1, 8: 4}  top3 [6, 7, 2]  <-- 命中
  pack  2 2    last_20pct            raw  n=   61  真值 [6, 8]  名次 {6: 1, 8: 5}  top3 [6, 7, 2]  <-- 命中
  pack  2 2    last_20pct  cell_centered  n=   61  真值 [6, 8]  名次 {6: 1, 8: 5}  top3 [6, 7, 2]  <-- 命中
  pack  3 2  fault_period            raw  n=  565  真值 [7]  名次 {7: 1}  top3 [7, 4, 2]  <-- 命中
  pack  3 2  fault_period  cell_centered  n=  565  真值 [7]  名次 {7: 1}  top3 [7, 4, 2]  <-- 命中
  pack  3 2    last_20pct            raw  n=  113  真值 [7]  名次 {7: 1}  top3 [7, 4, 6]  <-- 命中
  pack  3 2    last_20pct  cell_centered  n=  113  真值 [7]  名次 {7: 1}  top3 [7, 4, 6]  <-- 命中
  pack  4 2  fault_period            raw  n=15487  真值 [1]  名次 {1: 1}  top3 [1, 7, 6]  <-- 命中
  pack  4 2  fault_period  cell_centered  n=15487  真值 [1]  名次 {1: 1}  top3 [1, 7, 6]  <-- 命中
  pack  4 2    last_20pct            raw  n= 3097  真值 [1]  名次 {1: 1}  top3 [1, 6, 4]  <-- 命中
  pack  4 2    last_20pct  cell_centered  n= 3097  真值 [1]  名次 {1: 1}  top3 [1, 6, 4]  <-- 命中
  pack  5 2  fault_period            raw  n= 2826  真值 [5]  名次 {5: 8}  top3 [7, 6, 8]
  pack  5 2  fault_period  cell_centered  n= 2826  真值 [5]  名次 {5: 8}  top3 [7, 6, 8]
  pack  5 2    last_20pct            raw  n=  565  真值 [5]  名次 {5: 8}  top3 [7, 6, 8]
  pack  5 2    last_20pct  cell_centered  n=  565  真值 [5]  名次 {5: 8}  top3 [7, 6, 8]
  pack 17 3  fault_period            raw  n= 2618  真值 [3]  名次 {3: 1}  top3 [3, 4, 6]  <-- 命中
  pack 17 3  fault_period  cell_centered  n= 2618  真值 [3]  名次 {3: 1}  top3 [3, 4, 6]  <-- 命中
  pack 17 3    last_20pct            raw  n=  524  真值 [3]  名次 {3: 1}  top3 [3, 4, 6]  <-- 命中
  pack 17 3    last_20pct  cell_centered  n=  524  真值 [3]  名次 {3: 1}  top3 [3, 4, 6]  <-- 命中

==============================================================================
定位表：.\outputs\tables\localization_ours_shared_latent.csv（36 行）
==============================================================================

汇总（按聚合口径 × 变体，在可标注包上）：
              聚合             变体    包数   top-1 命中   top-3 命中
    fault_period            raw     9      88.9%      88.9%
    fault_period  cell_centered     9      88.9%      88.9%
      last_20pct            raw     9      88.9%      88.9%
      last_20pct  cell_centered     9      88.9%      88.9%
########## 08 ours_shared_latent ##########
==============================================================================
P8 权衡曲线：ours_shared_latent  模式 ['train_novelty']
  分位网格 [0.9, 0.95, 0.975, 0.99, 0.995, 0.999]  持久性网格 [1, 5, 10]
==============================================================================
训练特征 (26508, 24)  测试特征 (8110, 24)
有起点标签的包：[6, 8, 9, 10]

------------------------------------------------------------------------------
LOF 模式：train_novelty
------------------------------------------------------------------------------
      q    m         阈值      检出率       起点前触发率      中位报警窗      中位提前窗      分母
  0.900    1     1.2194  100.0%       66.11%          0        192    2142
  0.900    5     1.2194  100.0%       31.56%         34        173    2142
  0.900   10     1.2194   50.0%       23.16%        189        806    2142
  0.950    1     1.3039  100.0%       55.93%          0        192    2142
  0.950    5     1.3039   75.0%       23.76%         35        297    2142
  0.950   10     1.3039   50.0%       16.25%        699        296    2142
  0.975    1     1.3922  100.0%       47.20%          4        190    2142
  0.975    5     1.3922   50.0%       19.47%        384        610    2142
  0.975   10     1.3922   50.0%       13.03%        718        276    2142
  0.990    1     1.5192  100.0%       38.10%          4        190    2142
  0.990    5     1.5192   50.0%       12.75%        656        340    2142
  0.990   10     1.5192   50.0%        6.40%        775        220    2142
  0.995    1     1.6228  100.0%       31.70%         18        190    2142
  0.995    5     1.6228   50.0%        8.45%        658        338    2142
  0.995   10     1.6228   50.0%        3.13%        804        192    2142
  0.999    1     2.2182   50.0%       12.04%        184        810    2142
  0.999    5     2.2182   50.0%        0.75%        882        113    2142
  0.999   10     2.2182    0.0%        0.00%          —          —    2142

==============================================================================
权衡表：.\outputs\tables\tradeoff_ours_shared_latent.csv（18 行）
==============================================================================

读法：同一模式下横向比较各点 —— 检出率上升伴随着起点前触发率上升，
      两者就是那条权衡曲线；不同模式之间的比较才是「选哪个模式」的依据。
