==============================================================================
P9 pack 5 高电流误报案例：lfaae
==============================================================================
口径：天数是「距本包首条记录」，与论文的投运日**零点不同**，
      因此只复现机制、不声称复现论文的绝对第 94 天。

[固定阈值] 训练集 0.99 分位 = 1.6221
  pack 5 报警下标 5，第 5.27 天（共 2826 窗口，跨度 1947.5 天）
  启动前越限窗口 4 个

[逐包基线] 训练集 z 的 0.99 分位 = 2.8656
  pack 5 报警下标 653，第 221.35 天
  报警日推迟：216.1 天

分数最高的 15 个窗口（看它们是否都是高电流脉冲）：
      下标        天数     LOF分      固定判据      基线判据 mean_abs_i  p95_abs_i disch_frac     mean_v
    1380    589.18  120.834  +119.212  +519.975       7.32       7.56       0.00       3.12
    1381    589.20   12.764   +11.142   +45.354       7.30       7.60       0.01       3.22
    1382    589.21    5.487    +3.865   +13.397       7.05       7.20       0.00       3.26
     677    221.70    3.902    +2.280    +6.435       4.62       4.65       0.00       3.46
     825    258.37    3.414    +1.791    +4.289       6.74       6.97       0.00       3.40
    1415    589.70    3.352    +1.730    +4.018       4.81       4.90       0.00       3.48
    1398    589.45    3.323    +1.700    +3.890       6.20       6.25       0.00       3.36
     824    258.35    3.288    +1.666    +3.738       7.25       7.74       0.01       3.39
    1400    589.48    3.269    +1.647    +3.654       6.03       6.07       0.00       3.36
    1396    589.42    3.237    +1.614    +3.512       6.42       6.46       0.00       3.35
    1397    589.43    3.235    +1.613    +3.504       6.32       6.37       0.00       3.35
    2256   1289.48    3.184    +1.562    +3.280       7.29       7.65       0.00       3.34
     823    258.34    3.137    +1.515    +3.077       7.77       7.79       0.00       3.39
    1405    589.55    3.131    +1.509    +3.047       5.83       5.88       0.00       3.38
    1395    589.40    3.117    +1.495    +2.986       6.49       6.55       0.00       3.35

corr(LOF 分数, mean_abs_i)：pack 5 内 +0.045；整个 test2 +0.021
  接近 0 说明：阈值击穿**不是**「电流大 ⇒ 分数高」的简单单调关系，
  而是这些脉冲窗口落在训练分布的稀疏区、LOF 距离整体抬高所致。

固定阈值下最早的 15 个越限窗口：
  下标     1 第     0.01 天  孤立  mean_abs_i    8.19  p95    8.49  disch_frac  0.00
  下标     2 第     0.03 天  连续  mean_abs_i    2.78  p95    7.59  disch_frac  0.61
  下标     3 第     5.20 天  连续  mean_abs_i    1.59  p95    2.09  disch_frac  0.58
  下标     4 第     5.26 天  连续  mean_abs_i   15.76  p95   62.97  disch_frac  1.00
  下标     5 第     5.27 天  连续  mean_abs_i   15.75  p95   46.34  disch_frac  1.00
  下标     6 第     5.29 天  连续  mean_abs_i   25.12  p95   46.92  disch_frac  1.00
  下标     7 第     5.30 天  连续  mean_abs_i   19.39  p95   30.40  disch_frac  1.00
  下标     9 第     5.33 天  孤立  mean_abs_i    0.53  p95    0.64  disch_frac  1.00
  下标    10 第     5.35 天  连续  mean_abs_i    0.65  p95    0.69  disch_frac  1.00
  下标    14 第     5.41 天  孤立  mean_abs_i    9.21  p95   33.74  disch_frac  1.00
  下标    24 第     6.06 天  孤立  mean_abs_i    7.66  p95    8.11  disch_frac  0.00
  下标    25 第     6.07 天  连续  mean_abs_i    8.12  p95    8.24  disch_frac  0.00
  下标    27 第     7.09 天  孤立  mean_abs_i   10.30  p95   10.58  disch_frac  0.00
  下标    29 第     7.11 天  孤立  mean_abs_i   11.24  p95   11.74  disch_frac  0.00
  下标    30 第     7.13 天  连续  mean_abs_i   12.46  p95   12.97  disch_frac  0.00

案例表：.\outputs\tables\pack5_case.csv（15 行）
完整序列：.\outputs\tables\pack5_series.csv（2826 行）
  （确认报警首发下标：固定阈值 5；逐包基线 653）
