=== [1/4] 创建 conda 环境 batfd (python 3.12) ===
Retrieving notices: ...working... done
Channels:
 - https://mirrors.tuna.tsinghua.edu.cn/anaconda/cloud/conda-forge
 - https://mirrors.tuna.tsinghua.edu.cn/anaconda/pkgs/free
 - https://mirrors.tuna.tsinghua.edu.cn/anaconda/pkgs/main
Platform: win-64
Collecting package metadata (repodata.json): ...working... done
Solving environment: ...working... done

## Package Plan ##

  environment location: <miniconda3>/envs/batfd

  added / updated specs:
    - python=3.12


The following packages will be downloaded:

    package                    |            build
    ---------------------------|-----------------
    libexpat-2.8.5             |       hac47afa_0          70 KB  https://mirrors.tuna.tsinghua.edu.cn/anaconda/cloud/conda-forge
    ------------------------------------------------------------
                                           Total:          70 KB

The following NEW packages will be INSTALLED:

  bzip2              anaconda/cloud/conda-forge/win-64::bzip2-1.0.8-h0ad9c76_10 
  ca-certificates    anaconda/cloud/conda-forge/noarch::ca-certificates-2026.7.22-h4c7d964_0 
  libexpat           anaconda/cloud/conda-forge/win-64::libexpat-2.8.5-hac47afa_0 
  libffi             anaconda/cloud/conda-forge/win-64::libffi-3.7.0-h3d046cb_1 
  liblzma            anaconda/cloud/conda-forge/win-64::liblzma-5.8.3-hfd05255_1 
  libpython          anaconda/cloud/conda-forge/win-64::libpython-3.12.14-hcc31f7b_3_cpython 
  libsqlite          anaconda/cloud/conda-forge/win-64::libsqlite-3.53.4-hf5d6505_1 
  libzlib            anaconda/cloud/conda-forge/win-64::libzlib-1.3.2-hfd05255_3 
  openssl            anaconda/cloud/conda-forge/win-64::openssl-3.6.4-hf411b9b_0 
  packaging          anaconda/cloud/conda-forge/noarch::packaging-26.3-pyhc364b38_0 
  pip                anaconda/cloud/conda-forge/noarch::pip-26.2.1-pyh8b19718_0 
  python             anaconda/cloud/conda-forge/win-64::python-3.12.14-hb12b558_3_cpython 
  setuptools         anaconda/cloud/conda-forge/noarch::setuptools-84.0.0-pyh332efcf_0 
  tk                 anaconda/cloud/conda-forge/win-64::tk-8.6.13-h967ab96_4 
  tzdata             anaconda/cloud/conda-forge/noarch::tzdata-2026c-h151e31d_0 
  ucrt               anaconda/cloud/conda-forge/win-64::ucrt-10.0.26100.0-h57928b3_0 
  vc                 anaconda/cloud/conda-forge/win-64::vc-14.5-ha367084_41 
  vc14_runtime       anaconda/cloud/conda-forge/win-64::vc14_runtime-14.51.36247-habf1de7_41 
  vcomp14            anaconda/cloud/conda-forge/win-64::vcomp14-14.51.36247-habf1de7_41 
  wheel              anaconda/cloud/conda-forge/noarch::wheel-0.48.0-pyhd8ed1ab_0 



Downloading and Extracting Packages: ...working... done
Preparing transaction: ...working... done
Verifying transaction: ...working... done
Executing transaction: ...working... done
WARNING conda.conda_pypi.main:notify_externally_managed_future(156): 
  Did you know? You can install many PyPI packages with conda
  using the conda-pypi beta. Get started:
    https://docs.conda.io/projects/conda/en/stable/new-features.html

#
# To activate this environment, use
#
#     $ conda activate batfd
#
# To deactivate an active environment, use
#
#     $ conda deactivate

=== [2/4] 安装 PyTorch (尝试 cu126 -> cu124 -> cpu) ===
--- 尝试 cu126 ---
WARNING: Connection interrupted while downloading.
WARNING: Attempting to resume incomplete download (1383.6 MB/2602.8 MB, attempt 1)
WARNING: Connection interrupted while downloading.
WARNING: Attempting to resume incomplete download (1573.7 MB/2602.8 MB, attempt 2)
Looking in indexes: https://download.pytorch.org/whl/cu126
Collecting torch
  Downloading torch-2.14.0%2Bcu126-cp312-cp312-win_amd64.whl.metadata (37 kB)
Collecting torchvision
  Downloading torchvision-0.29.0%2Bcu126-cp312-cp312-win_amd64.whl.metadata (5.8 kB)
Collecting filelock (from torch)
  Downloading filelock-3.32.3-py3-none-any.whl.metadata (2.0 kB)
Collecting typing-extensions>=4.10.0 (from torch)
  Downloading typing_extensions-4.16.0-py3-none-any.whl.metadata (3.3 kB)
Requirement already satisfied: setuptools>=77.0.3 in <miniconda3>/envs/batfd\Lib\site-packages (from torch) (84.0.0)
Collecting sympy>=1.13.3 (from torch)
  Using cached sympy-1.14.0-py3-none-any.whl.metadata (12 kB)
Collecting networkx>=2.5.1 (from torch)
  Using cached networkx-3.6.1-py3-none-any.whl.metadata (6.8 kB)
Collecting jinja2 (from torch)
  Downloading jinja2-3.1.6-py3-none-any.whl.metadata (2.9 kB)
Collecting fsspec>=0.8.5 (from torch)
  Using cached fsspec-2026.7.0-py3-none-any.whl.metadata (10 kB)
Collecting numpy (from torchvision)
  Downloading numpy-2.5.2-cp312-cp312-win_amd64.whl.metadata (6.6 kB)
Collecting pillow!=8.3.*,>=5.3.0 (from torchvision)
  Using cached pillow-12.3.0-cp312-cp312-win_amd64.whl.metadata (9.3 kB)
Collecting mpmath<1.4,>=1.1.0 (from sympy>=1.13.3->torch)
  Using cached mpmath-1.3.0-py3-none-any.whl.metadata (8.6 kB)
Collecting MarkupSafe>=2.0 (from jinja2->torch)
  Downloading markupsafe-3.0.3-cp312-cp312-win_amd64.whl.metadata (2.8 kB)
Downloading torch-2.14.0%2Bcu126-cp312-cp312-win_amd64.whl (2602.8 MB)
   ---------------------                    1.4/2.6 GB 4.0 MB/s eta 0:05:03
Resuming download torch-2.14.0%2Bcu126-cp312-cp312-win_amd64.whl (1383.6 MB/2602.8 MB)
   ------------------------                 1.6/2.6 GB 7.0 MB/s eta 0:02:28
Resuming download torch-2.14.0%2Bcu126-cp312-cp312-win_amd64.whl (1573.7 MB/2602.8 MB)
   ---------------------------------------- 2.6/2.6 GB 9.0 MB/s  0:02:42
Downloading torchvision-0.29.0%2Bcu126-cp312-cp312-win_amd64.whl (6.1 MB)
   ---------------------------------------- 6.1/6.1 MB 3.2 MB/s  0:00:01
Using cached fsspec-2026.7.0-py3-none-any.whl (206 kB)
Using cached networkx-3.6.1-py3-none-any.whl (2.1 MB)
Using cached pillow-12.3.0-cp312-cp312-win_amd64.whl (7.2 MB)
Using cached sympy-1.14.0-py3-none-any.whl (6.3 MB)
Using cached mpmath-1.3.0-py3-none-any.whl (536 kB)
Downloading typing_extensions-4.16.0-py3-none-any.whl (45 kB)
Downloading filelock-3.32.3-py3-none-any.whl (98 kB)
Downloading jinja2-3.1.6-py3-none-any.whl (134 kB)
Downloading markupsafe-3.0.3-cp312-cp312-win_amd64.whl (15 kB)
Downloading numpy-2.5.2-cp312-cp312-win_amd64.whl (12.5 MB)
   ---------------------------------------- 12.5/12.5 MB 1.4 MB/s  0:00:09
Installing collected packages: mpmath, typing-extensions, sympy, pillow, numpy, networkx, MarkupSafe, fsspec, filelock, jinja2, torch, torchvision

Successfully installed MarkupSafe-3.0.3 filelock-3.32.3 fsspec-2026.7.0 jinja2-3.1.6 mpmath-1.3.0 networkx-3.6.1 numpy-2.5.2 pillow-12.3.0 sympy-1.14.0 torch-2.14.0+cu126 torchvision-0.29.0+cu126 typing-extensions-4.16.0
torch 2.14.0+cu126 cuda_available True
--- cu126 安装成功 ---
=== [3/4] 安装其余依赖 ===
Looking in indexes: https://pypi.mirrors.ustc.edu.cn/simple/
Requirement already satisfied: numpy in <miniconda3>/envs/batfd\Lib\site-packages (2.5.2)
Collecting scipy
  Downloading scipy-1.18.1-cp312-cp312-win_amd64.whl (36.7 MB)
     ---------------------------------------- 36.7/36.7 MB 9.8 MB/s  0:00:03
Collecting pandas
  Downloading pandas-3.0.6-cp312-cp312-win_amd64.whl (9.7 MB)
     ---------------------------------------- 9.7/9.7 MB 9.7 MB/s  0:00:01
Collecting scikit-learn
  Downloading scikit_learn-1.9.1-cp312-cp312-win_amd64.whl (8.3 MB)
     ---------------------------------------- 8.3/8.3 MB 9.0 MB/s  0:00:00
Collecting matplotlib
  Using cached matplotlib-3.11.2-cp312-cp312-win_amd64.whl (9.3 MB)
Collecting pyarrow
  Downloading pyarrow-25.0.1-cp312-cp312-win_amd64.whl (28.0 MB)
     ---------------------------------------- 28.0/28.0 MB 8.5 MB/s  0:00:03
Collecting pyyaml
  Downloading pyyaml-6.0.3-cp312-cp312-win_amd64.whl (154 kB)
Collecting tqdm
  Downloading tqdm-4.70.1-py3-none-any.whl (80 kB)
Collecting psutil
  Downloading psutil-7.2.2-cp37-abi3-win_amd64.whl (137 kB)
Collecting python-dateutil>=2.8.2 (from pandas)
  Using cached python_dateutil-2.9.0.post0-py2.py3-none-any.whl (229 kB)
Collecting tzdata (from pandas)
  Downloading tzdata-2026.4-py2.py3-none-any.whl (347 kB)
Collecting joblib>=1.4.0 (from scikit-learn)
  Downloading joblib-1.6.0-py3-none-any.whl (306 kB)
Collecting narwhals>=2.0.1 (from scikit-learn)
  Downloading narwhals-2.26.0-py3-none-any.whl (474 kB)
Collecting threadpoolctl>=3.5.0 (from scikit-learn)
  Downloading threadpoolctl-3.7.0-py3-none-any.whl (26 kB)
Collecting contourpy>=1.0.1 (from matplotlib)
  Using cached contourpy-1.4.0-cp312-cp312-win_amd64.whl (234 kB)
Collecting cycler>=0.10 (from matplotlib)
  Using cached cycler-0.12.1-py3-none-any.whl (8.3 kB)
Collecting fonttools>=4.28.2 (from matplotlib)
  Using cached fonttools-4.66.0-cp312-cp312-win_amd64.whl (2.5 MB)
Collecting kiwisolver>=1.3.1 (from matplotlib)
  Using cached kiwisolver-1.5.1-cp312-cp312-win_amd64.whl (70 kB)
Requirement already satisfied: packaging>=20.0 in <miniconda3>/envs/batfd\Lib\site-packages (from matplotlib) (26.3)
Requirement already satisfied: pillow>=9 in <miniconda3>/envs/batfd\Lib\site-packages (from matplotlib) (12.3.0)
Collecting pyparsing>=3 (from matplotlib)
  Using cached pyparsing-3.3.3-py3-none-any.whl (126 kB)
Collecting colorama (from tqdm)
  Downloading colorama-0.4.6-py2.py3-none-any.whl (25 kB)
Collecting cloudpickle>=3.0 (from joblib>=1.4.0->scikit-learn)
  Downloading cloudpickle-3.1.2-py3-none-any.whl (22 kB)
Collecting six>=1.5 (from python-dateutil>=2.8.2->pandas)
  Using cached six-1.17.0-py2.py3-none-any.whl (11 kB)
Installing collected packages: tzdata, threadpoolctl, six, scipy, pyyaml, pyparsing, pyarrow, psutil, narwhals, kiwisolver, fonttools, cycler, contourpy, colorama, cloudpickle, tqdm, python-dateutil, joblib, scikit-learn, pandas, matplotlib

Successfully installed cloudpickle-3.1.2 colorama-0.4.6 contourpy-1.4.0 cycler-0.12.1 fonttools-4.66.0 joblib-1.6.0 kiwisolver-1.5.1 matplotlib-3.11.2 narwhals-2.26.0 pandas-3.0.6 psutil-7.2.2 pyarrow-25.0.1 pyparsing-3.3.3 python-dateutil-2.9.0.post0 pyyaml-6.0.3 scikit-learn-1.9.1 scipy-1.18.1 six-1.17.0 threadpoolctl-3.7.0 tqdm-4.70.1 tzdata-2026.4
=== [4/4] 环境自检 ===
=== 完成。激活方式：conda activate batfd ===
